[    4946ms] [INFO] %cDownload the React DevTools for a better development experience: https://reactjs.org/link/react-devtools font-weight:bold @ http://localhost:5173/node_modules/.vite/deps/chunk-LGZLQBMG.js?v=64bcbe31:21550
[   82894ms] [INFO] %cDownload the React DevTools for a better development experience: https://reactjs.org/link/react-devtools font-weight:bold @ http://localhost:5173/node_modules/.vite/deps/chunk-LGZLQBMG.js?v=64bcbe31:21550
[  130061ms] [ERROR] [TBOS registry] Invalid component registry:
TBOS-CMP-DISPLAY-008 (TubaLogo) references undefined screen ID "AUTH-01 (Broker OS sign-in)" @ http://localhost:5173/src/lib/permissions/PermissionProvider.tsx?t=1786161062498:30
[  218800ms] [INFO] %cDownload the React DevTools for a better development experience: https://reactjs.org/link/react-devtools font-weight:bold @ http://localhost:5173/node_modules/.vite/deps/chunk-LGZLQBMG.js?v=64bcbe31:21550
[  607860ms] [INFO] %cDownload the React DevTools for a better development experience: https://reactjs.org/link/react-devtools font-weight:bold @ http://localhost:5173/node_modules/.vite/deps/chunk-LGZLQBMG.js?v=64bcbe31:21550
[  729472ms] [INFO] %cDownload the React DevTools for a better development experience: https://reactjs.org/link/react-devtools font-weight:bold @ http://localhost:5173/node_modules/.vite/deps/chunk-LGZLQBMG.js?v=64bcbe31:21550
[ 1208339ms] [INFO] %cDownload the React DevTools for a better development experience: https://reactjs.org/link/react-devtools font-weight:bold @ http://localhost:5173/node_modules/.vite/deps/chunk-LGZLQBMG.js?v=64bcbe31:21550
[ 1496546ms] [INFO] %cDownload the React DevTools for a better development experience: https://reactjs.org/link/react-devtools font-weight:bold @ http://localhost:5173/node_modules/.vite/deps/chunk-LGZLQBMG.js?v=64bcbe31:21550
[ 1660607ms] [INFO] %cDownload the React DevTools for a better development experience: https://reactjs.org/link/react-devtools font-weight:bold @ http://localhost:5173/node_modules/.vite/deps/chunk-LGZLQBMG.js?v=64bcbe31:21550
[ 1715802ms] Error: useAuth must be used within <AuthProvider>
    at useAuth (http://localhost:5173/src/lib/auth/AuthProvider.tsx:56:19)
    at AiProvider (http://localhost:5173/src/lib/ai/AiProvider.tsx:24:20)
    at renderWithHooks (http://localhost:5173/node_modules/.vite/deps/chunk-LGZLQBMG.js?v=64bcbe31:11548:26)
    at mountIndeterminateComponent (http://localhost:5173/node_modules/.vite/deps/chunk-LGZLQBMG.js?v=64bcbe31:14926:21)
    at beginWork (http://localhost:5173/node_modules/.vite/deps/chunk-LGZLQBMG.js?v=64bcbe31:15914:22)
    at HTMLUnknownElement.callCallback2 (http://localhost:5173/node_modules/.vite/deps/chunk-LGZLQBMG.js?v=64bcbe31:3674:22)
    at Object.invokeGuardedCallbackDev (http://localhost:5173/node_modules/.vite/deps/chunk-LGZLQBMG.js?v=64bcbe31:3699:24)
    at invokeGuardedCallback (http://localhost:5173/node_modules/.vite/deps/chunk-LGZLQBMG.js?v=64bcbe31:3733:39)
    at beginWork$1 (http://localhost:5173/node_modules/.vite/deps/chunk-LGZLQBMG.js?v=64bcbe31:19765:15)
    at performUnitOfWork (http://localhost:5173/node_modules/.vite/deps/chunk-LGZLQBMG.js?v=64bcbe31:19198:20)
[ 1715806ms] Error: useAuth must be used within <AuthProvider>
    at useAuth (http://localhost:5173/src/lib/auth/AuthProvider.tsx:56:19)
    at AiProvider (http://localhost:5173/src/lib/ai/AiProvider.tsx:24:20)
    at renderWithHooks (http://localhost:5173/node_modules/.vite/deps/chunk-LGZLQBMG.js?v=64bcbe31:11548:26)
    at mountIndeterminateComponent (http://localhost:5173/node_modules/.vite/deps/chunk-LGZLQBMG.js?v=64bcbe31:14926:21)
    at beginWork (http://localhost:5173/node_modules/.vite/deps/chunk-LGZLQBMG.js?v=64bcbe31:15914:22)
    at HTMLUnknownElement.callCallback2 (http://localhost:5173/node_modules/.vite/deps/chunk-LGZLQBMG.js?v=64bcbe31:3674:22)
    at Object.invokeGuardedCallbackDev (http://localhost:5173/node_modules/.vite/deps/chunk-LGZLQBMG.js?v=64bcbe31:3699:24)
    at invokeGuardedCallback (http://localhost:5173/node_modules/.vite/deps/chunk-LGZLQBMG.js?v=64bcbe31:3733:39)
    at beginWork$1 (http://localhost:5173/node_modules/.vite/deps/chunk-LGZLQBMG.js?v=64bcbe31:19765:15)
    at performUnitOfWork (http://localhost:5173/node_modules/.vite/deps/chunk-LGZLQBMG.js?v=64bcbe31:19198:20)
[ 1715808ms] [ERROR] The above error occurred in the <AiProvider> component:

    at AiProvider (http://localhost:5173/src/lib/ai/AiProvider.tsx:22:30)
    at PermissionProvider (http://localhost:5173/src/lib/permissions/PermissionProvider.tsx?t=1786161704868:21:38)
    at AuthProvider (http://localhost:5173/src/lib/auth/AuthProvider.tsx?t=1786162648248:21:32)
    at Router (http://localhost:5173/node_modules/.vite/deps/react-router-dom.js?v=64bcbe31:7543:13)
    at BrowserRouter (http://localhost:5173/node_modules/.vite/deps/react-router-dom.js?v=64bcbe31:10859:3)
    at LocaleProvider (http://localhost:5173/src/app/providers/LocaleProvider.tsx:20:34)
    at ThemeProvider (http://localhost:5173/src/app/providers/ThemeProvider.tsx:20:33)
    at QueryClientProvider (http://localhost:5173/node_modules/.vite/deps/@tanstack_react-query.js?v=64bcbe31:3253:3)
    at ErrorBoundary (http://localhost:5173/src/components/feedback/ErrorBoundary.tsx:8:8)
    at AppProviders (http://localhost:5173/src/app/providers/AppProviders.tsx?t=1786161704868:26:32)
    at App

React will try to recreate this component tree from scratch using the error boundary you provided, ErrorBoundary. @ http://localhost:5173/node_modules/.vite/deps/chunk-LGZLQBMG.js?v=64bcbe31:14031
[ 1715808ms] [ERROR] [TBOS:error] Unhandled render error {message: useAuth must be used within <AuthProvider>, componentStack: 
    at AiProvider (http://localhost:5173/src/lib/…ppProviders.tsx?t=1786161704868:26:32)
    at App} @ http://localhost:5173/src/lib/logging/logger.ts:4
[ 1739809ms] Error: useAuth must be used within <AuthProvider>
    at useAuth (http://localhost:5173/src/lib/auth/AuthProvider.tsx?t=1786162648248:56:19)
    at AiProvider (http://localhost:5173/src/lib/ai/AiProvider.tsx?t=1786162648248:24:20)
    at renderWithHooks (http://localhost:5173/node_modules/.vite/deps/chunk-LGZLQBMG.js?v=64bcbe31:11548:26)
    at mountIndeterminateComponent (http://localhost:5173/node_modules/.vite/deps/chunk-LGZLQBMG.js?v=64bcbe31:14926:21)
    at beginWork (http://localhost:5173/node_modules/.vite/deps/chunk-LGZLQBMG.js?v=64bcbe31:15914:22)
    at HTMLUnknownElement.callCallback2 (http://localhost:5173/node_modules/.vite/deps/chunk-LGZLQBMG.js?v=64bcbe31:3674:22)
    at Object.invokeGuardedCallbackDev (http://localhost:5173/node_modules/.vite/deps/chunk-LGZLQBMG.js?v=64bcbe31:3699:24)
    at invokeGuardedCallback (http://localhost:5173/node_modules/.vite/deps/chunk-LGZLQBMG.js?v=64bcbe31:3733:39)
    at beginWork$1 (http://localhost:5173/node_modules/.vite/deps/chunk-LGZLQBMG.js?v=64bcbe31:19765:15)
    at performUnitOfWork (http://localhost:5173/node_modules/.vite/deps/chunk-LGZLQBMG.js?v=64bcbe31:19198:20)
[ 1739811ms] Error: useAuth must be used within <AuthProvider>
    at useAuth (http://localhost:5173/src/lib/auth/AuthProvider.tsx?t=1786162648248:56:19)
    at AiProvider (http://localhost:5173/src/lib/ai/AiProvider.tsx?t=1786162648248:24:20)
    at renderWithHooks (http://localhost:5173/node_modules/.vite/deps/chunk-LGZLQBMG.js?v=64bcbe31:11548:26)
    at mountIndeterminateComponent (http://localhost:5173/node_modules/.vite/deps/chunk-LGZLQBMG.js?v=64bcbe31:14926:21)
    at beginWork (http://localhost:5173/node_modules/.vite/deps/chunk-LGZLQBMG.js?v=64bcbe31:15914:22)
    at HTMLUnknownElement.callCallback2 (http://localhost:5173/node_modules/.vite/deps/chunk-LGZLQBMG.js?v=64bcbe31:3674:22)
    at Object.invokeGuardedCallbackDev (http://localhost:5173/node_modules/.vite/deps/chunk-LGZLQBMG.js?v=64bcbe31:3699:24)
    at invokeGuardedCallback (http://localhost:5173/node_modules/.vite/deps/chunk-LGZLQBMG.js?v=64bcbe31:3733:39)
    at beginWork$1 (http://localhost:5173/node_modules/.vite/deps/chunk-LGZLQBMG.js?v=64bcbe31:19765:15)
    at performUnitOfWork (http://localhost:5173/node_modules/.vite/deps/chunk-LGZLQBMG.js?v=64bcbe31:19198:20)
[ 1739813ms] [ERROR] The above error occurred in the <AiProvider> component:

    at AiProvider (http://localhost:5173/src/lib/ai/AiProvider.tsx?t=1786162648248:22:30)
    at PermissionProvider (http://localhost:5173/src/lib/permissions/PermissionProvider.tsx?t=1786161704868:21:38)
    at AuthProvider (http://localhost:5173/src/lib/auth/AuthProvider.tsx?t=1786162672285:21:32)
    at Router (http://localhost:5173/node_modules/.vite/deps/react-router-dom.js?v=64bcbe31:7543:13)
    at BrowserRouter (http://localhost:5173/node_modules/.vite/deps/react-router-dom.js?v=64bcbe31:10859:3)
    at LocaleProvider (http://localhost:5173/src/app/providers/LocaleProvider.tsx:20:34)
    at ThemeProvider (http://localhost:5173/src/app/providers/ThemeProvider.tsx:20:33)
    at QueryClientProvider (http://localhost:5173/node_modules/.vite/deps/@tanstack_react-query.js?v=64bcbe31:3253:3)
    at ErrorBoundary (http://localhost:5173/src/components/feedback/ErrorBoundary.tsx:8:8)
    at AppProviders (http://localhost:5173/src/app/providers/AppProviders.tsx?t=1786162648248:26:32)
    at App

React will try to recreate this component tree from scratch using the error boundary you provided, ErrorBoundary. @ http://localhost:5173/node_modules/.vite/deps/chunk-LGZLQBMG.js?v=64bcbe31:14031
[ 1739813ms] [ERROR] [TBOS:error] Unhandled render error {message: useAuth must be used within <AuthProvider>, componentStack: 
    at AiProvider (http://localhost:5173/src/lib/…ppProviders.tsx?t=1786162648248:26:32)
    at App} @ http://localhost:5173/src/lib/logging/logger.ts:4
[ 1778671ms] Error: useAuth must be used within <AuthProvider>
    at useAuth (http://localhost:5173/src/lib/auth/AuthProvider.tsx?t=1786162672285:56:19)
    at AiProvider (http://localhost:5173/src/lib/ai/AiProvider.tsx?t=1786162672285:24:20)
    at renderWithHooks (http://localhost:5173/node_modules/.vite/deps/chunk-LGZLQBMG.js?v=64bcbe31:11548:26)
    at mountIndeterminateComponent (http://localhost:5173/node_modules/.vite/deps/chunk-LGZLQBMG.js?v=64bcbe31:14926:21)
    at beginWork (http://localhost:5173/node_modules/.vite/deps/chunk-LGZLQBMG.js?v=64bcbe31:15914:22)
    at HTMLUnknownElement.callCallback2 (http://localhost:5173/node_modules/.vite/deps/chunk-LGZLQBMG.js?v=64bcbe31:3674:22)
    at Object.invokeGuardedCallbackDev (http://localhost:5173/node_modules/.vite/deps/chunk-LGZLQBMG.js?v=64bcbe31:3699:24)
    at invokeGuardedCallback (http://localhost:5173/node_modules/.vite/deps/chunk-LGZLQBMG.js?v=64bcbe31:3733:39)
    at beginWork$1 (http://localhost:5173/node_modules/.vite/deps/chunk-LGZLQBMG.js?v=64bcbe31:19765:15)
    at performUnitOfWork (http://localhost:5173/node_modules/.vite/deps/chunk-LGZLQBMG.js?v=64bcbe31:19198:20)
[ 1778674ms] Error: useAuth must be used within <AuthProvider>
    at useAuth (http://localhost:5173/src/lib/auth/AuthProvider.tsx?t=1786162672285:56:19)
    at AiProvider (http://localhost:5173/src/lib/ai/AiProvider.tsx?t=1786162672285:24:20)
    at renderWithHooks (http://localhost:5173/node_modules/.vite/deps/chunk-LGZLQBMG.js?v=64bcbe31:11548:26)
    at mountIndeterminateComponent (http://localhost:5173/node_modules/.vite/deps/chunk-LGZLQBMG.js?v=64bcbe31:14926:21)
    at beginWork (http://localhost:5173/node_modules/.vite/deps/chunk-LGZLQBMG.js?v=64bcbe31:15914:22)
    at HTMLUnknownElement.callCallback2 (http://localhost:5173/node_modules/.vite/deps/chunk-LGZLQBMG.js?v=64bcbe31:3674:22)
    at Object.invokeGuardedCallbackDev (http://localhost:5173/node_modules/.vite/deps/chunk-LGZLQBMG.js?v=64bcbe31:3699:24)
    at invokeGuardedCallback (http://localhost:5173/node_modules/.vite/deps/chunk-LGZLQBMG.js?v=64bcbe31:3733:39)
    at beginWork$1 (http://localhost:5173/node_modules/.vite/deps/chunk-LGZLQBMG.js?v=64bcbe31:19765:15)
    at performUnitOfWork (http://localhost:5173/node_modules/.vite/deps/chunk-LGZLQBMG.js?v=64bcbe31:19198:20)
[ 1778676ms] [ERROR] The above error occurred in the <AiProvider> component:

    at AiProvider (http://localhost:5173/src/lib/ai/AiProvider.tsx?t=1786162672285:22:30)
    at PermissionProvider (http://localhost:5173/src/lib/permissions/PermissionProvider.tsx?t=1786161704868:21:38)
    at AuthProvider (http://localhost:5173/src/lib/auth/AuthProvider.tsx?t=1786162710957:21:32)
    at Router (http://localhost:5173/node_modules/.vite/deps/react-router-dom.js?v=64bcbe31:7543:13)
    at BrowserRouter (http://localhost:5173/node_modules/.vite/deps/react-router-dom.js?v=64bcbe31:10859:3)
    at LocaleProvider (http://localhost:5173/src/app/providers/LocaleProvider.tsx:20:34)
    at ThemeProvider (http://localhost:5173/src/app/providers/ThemeProvider.tsx:20:33)
    at QueryClientProvider (http://localhost:5173/node_modules/.vite/deps/@tanstack_react-query.js?v=64bcbe31:3253:3)
    at ErrorBoundary (http://localhost:5173/src/components/feedback/ErrorBoundary.tsx:8:8)
    at AppProviders (http://localhost:5173/src/app/providers/AppProviders.tsx?t=1786162672285:26:32)
    at App

React will try to recreate this component tree from scratch using the error boundary you provided, ErrorBoundary. @ http://localhost:5173/node_modules/.vite/deps/chunk-LGZLQBMG.js?v=64bcbe31:14031
[ 1778676ms] [ERROR] [TBOS:error] Unhandled render error {message: useAuth must be used within <AuthProvider>, componentStack: 
    at AiProvider (http://localhost:5173/src/lib/…ppProviders.tsx?t=1786162672285:26:32)
    at App} @ http://localhost:5173/src/lib/logging/logger.ts:4
[ 1853479ms] [ERROR] Failed to load resource: the server responded with a status of 500 (Internal Server Error) @ http://localhost:5173/src/mocks/api/db.ts?t=1786162786045:0
[ 1853522ms] [ERROR] [hmr] Failed to reload /src/features/notifications/NotificationCenterScreen.tsx. This could be due to syntax errors or importing non-existent modules. (see errors above) @ http://localhost:5173/@vite/client:175
[ 1853522ms] [ERROR] [hmr] Failed to reload /src/components/navigation/CommandPalette.tsx. This could be due to syntax errors or importing non-existent modules. (see errors above) @ http://localhost:5173/@vite/client:175
[ 1853522ms] [ERROR] [hmr] Failed to reload /src/components/navigation/NotificationBell.tsx. This could be due to syntax errors or importing non-existent modules. (see errors above) @ http://localhost:5173/@vite/client:175
[ 1853522ms] [ERROR] [hmr] Failed to reload /src/features/leads/LeadsInboxScreen.tsx. This could be due to syntax errors or importing non-existent modules. (see errors above) @ http://localhost:5173/@vite/client:175
[ 1853522ms] [ERROR] [hmr] Failed to reload /src/features/leads/LeadDetailScreen.tsx. This could be due to syntax errors or importing non-existent modules. (see errors above) @ http://localhost:5173/@vite/client:175
[ 1853522ms] [ERROR] [hmr] Failed to reload /src/features/leads/LeadsPipelineScreen.tsx. This could be due to syntax errors or importing non-existent modules. (see errors above) @ http://localhost:5173/@vite/client:175
[ 1853522ms] [ERROR] [hmr] Failed to reload /src/features/today/TodayScreen.tsx. This could be due to syntax errors or importing non-existent modules. (see errors above) @ http://localhost:5173/@vite/client:175
[ 1873365ms] [ERROR] Failed to load resource: the server responded with a status of 500 (Internal Server Error) @ http://localhost:5173/src/mocks/api/db.ts?t=1786162805598:0
[ 1873367ms] [ERROR] [hmr] Failed to reload /src/features/leads/LeadsInboxScreen.tsx. This could be due to syntax errors or importing non-existent modules. (see errors above) @ http://localhost:5173/@vite/client:175
[ 1873367ms] [ERROR] [hmr] Failed to reload /src/features/leads/LeadsPipelineScreen.tsx. This could be due to syntax errors or importing non-existent modules. (see errors above) @ http://localhost:5173/@vite/client:175
[ 1873368ms] [ERROR] [hmr] Failed to reload /src/features/leads/LeadDetailScreen.tsx. This could be due to syntax errors or importing non-existent modules. (see errors above) @ http://localhost:5173/@vite/client:175
[ 1873368ms] [ERROR] [hmr] Failed to reload /src/components/navigation/CommandPalette.tsx. This could be due to syntax errors or importing non-existent modules. (see errors above) @ http://localhost:5173/@vite/client:175
[ 1873368ms] [ERROR] [hmr] Failed to reload /src/components/navigation/CommandPalette.tsx. This could be due to syntax errors or importing non-existent modules. (see errors above) @ http://localhost:5173/@vite/client:175
[ 1873368ms] [ERROR] [hmr] Failed to reload /src/components/navigation/NotificationBell.tsx. This could be due to syntax errors or importing non-existent modules. (see errors above) @ http://localhost:5173/@vite/client:175
[ 1873368ms] [ERROR] [hmr] Failed to reload /src/features/leads/LeadsInboxScreen.tsx. This could be due to syntax errors or importing non-existent modules. (see errors above) @ http://localhost:5173/@vite/client:175
[ 1873368ms] [ERROR] [hmr] Failed to reload /src/features/notifications/NotificationCenterScreen.tsx. This could be due to syntax errors or importing non-existent modules. (see errors above) @ http://localhost:5173/@vite/client:175
[ 1873368ms] [ERROR] [hmr] Failed to reload /src/features/today/TodayScreen.tsx. This could be due to syntax errors or importing non-existent modules. (see errors above) @ http://localhost:5173/@vite/client:175
[ 1873368ms] [ERROR] [hmr] Failed to reload /src/features/notifications/NotificationCenterScreen.tsx. This could be due to syntax errors or importing non-existent modules. (see errors above) @ http://localhost:5173/@vite/client:175
[ 1873368ms] [ERROR] [hmr] Failed to reload /src/components/navigation/NotificationBell.tsx. This could be due to syntax errors or importing non-existent modules. (see errors above) @ http://localhost:5173/@vite/client:175
[ 1873369ms] [ERROR] [hmr] Failed to reload /src/features/today/TodayScreen.tsx. This could be due to syntax errors or importing non-existent modules. (see errors above) @ http://localhost:5173/@vite/client:175
[ 1873369ms] [ERROR] [hmr] Failed to reload /src/features/leads/LeadsPipelineScreen.tsx. This could be due to syntax errors or importing non-existent modules. (see errors above) @ http://localhost:5173/@vite/client:175
[ 1873369ms] [ERROR] [hmr] Failed to reload /src/features/leads/LeadDetailScreen.tsx. This could be due to syntax errors or importing non-existent modules. (see errors above) @ http://localhost:5173/@vite/client:175
[ 1882867ms] [ERROR] Failed to load resource: the server responded with a status of 500 (Internal Server Error) @ http://localhost:5173/src/mocks/api/db.ts?t=1786162815277:0
[ 1882870ms] [ERROR] [hmr] Failed to reload /src/features/leads/LeadsPipelineScreen.tsx. This could be due to syntax errors or importing non-existent modules. (see errors above) @ http://localhost:5173/@vite/client:175
[ 1882871ms] [ERROR] [hmr] Failed to reload /src/features/leads/LeadsInboxScreen.tsx. This could be due to syntax errors or importing non-existent modules. (see errors above) @ http://localhost:5173/@vite/client:175
[ 1882871ms] [ERROR] [hmr] Failed to reload /src/components/navigation/NotificationBell.tsx. This could be due to syntax errors or importing non-existent modules. (see errors above) @ http://localhost:5173/@vite/client:175
[ 1882871ms] [ERROR] [hmr] Failed to reload /src/features/today/TodayScreen.tsx. This could be due to syntax errors or importing non-existent modules. (see errors above) @ http://localhost:5173/@vite/client:175
[ 1882871ms] [ERROR] [hmr] Failed to reload /src/features/leads/LeadsInboxScreen.tsx. This could be due to syntax errors or importing non-existent modules. (see errors above) @ http://localhost:5173/@vite/client:175
[ 1882871ms] [ERROR] [hmr] Failed to reload /src/components/navigation/NotificationBell.tsx. This could be due to syntax errors or importing non-existent modules. (see errors above) @ http://localhost:5173/@vite/client:175
[ 1882871ms] [ERROR] [hmr] Failed to reload /src/components/navigation/CommandPalette.tsx. This could be due to syntax errors or importing non-existent modules. (see errors above) @ http://localhost:5173/@vite/client:175
[ 1882871ms] [ERROR] [hmr] Failed to reload /src/features/notifications/NotificationCenterScreen.tsx. This could be due to syntax errors or importing non-existent modules. (see errors above) @ http://localhost:5173/@vite/client:175
[ 1882871ms] [ERROR] [hmr] Failed to reload /src/features/notifications/NotificationCenterScreen.tsx. This could be due to syntax errors or importing non-existent modules. (see errors above) @ http://localhost:5173/@vite/client:175
[ 1882871ms] [ERROR] [hmr] Failed to reload /src/features/leads/LeadDetailScreen.tsx. This could be due to syntax errors or importing non-existent modules. (see errors above) @ http://localhost:5173/@vite/client:175
[ 1882871ms] [ERROR] [hmr] Failed to reload /src/features/leads/LeadDetailScreen.tsx. This could be due to syntax errors or importing non-existent modules. (see errors above) @ http://localhost:5173/@vite/client:175
[ 1882872ms] [ERROR] [hmr] Failed to reload /src/components/navigation/CommandPalette.tsx. This could be due to syntax errors or importing non-existent modules. (see errors above) @ http://localhost:5173/@vite/client:175
[ 1882872ms] [ERROR] [hmr] Failed to reload /src/features/today/TodayScreen.tsx. This could be due to syntax errors or importing non-existent modules. (see errors above) @ http://localhost:5173/@vite/client:175
[ 1882872ms] [ERROR] [hmr] Failed to reload /src/features/leads/LeadsPipelineScreen.tsx. This could be due to syntax errors or importing non-existent modules. (see errors above) @ http://localhost:5173/@vite/client:175
[ 1981616ms] [INFO] %cDownload the React DevTools for a better development experience: https://reactjs.org/link/react-devtools font-weight:bold @ http://localhost:5173/node_modules/.vite/deps/chunk-LGZLQBMG.js?v=64bcbe31:21550
[16997003ms] [LOG] [vite] server connection lost. Polling for restart... @ http://localhost:5173/@vite/client:559
[16997024ms] [ERROR] Failed to load resource: net::ERR_NETWORK_IO_SUSPENDED @ http://localhost:5173/:0
[49583952ms] [INFO] %cDownload the React DevTools for a better development experience: https://reactjs.org/link/react-devtools font-weight:bold @ http://localhost:5173/node_modules/.vite/deps/chunk-LGZLQBMG.js?v=64bcbe31:21550
