[    1421ms] [ERROR] Failed to load resource: the server responded with a status of 404 () @ https://tuba.com.sa/login_asset/images/homepageimages/SELLER.jpg:0
[    1706ms] [LOG] JQMIGRATE: Migrate is installed, version 3.0.1 @ https://tuba.com.sa/login_asset/js/jquery-migrate-3.0.0.min.js:1
[    2170ms] [ERROR] Failed to load resource: the server responded with a status of 404 () @ https://tuba.com.sa/login_asset/images/homepageimages/SELLER.jpg:0
[    2174ms] [WARNING] jQuery.Deferred exception: Cannot read properties of null (reading 'nodeName') TypeError: Cannot read properties of null (reading 'nodeName')
    at Object.create (https://tuba.com.sa/login_asset/js/pricing-slider.js:3:19389)
    at HTMLDocument.<anonymous> (https://tuba.com.sa/login_asset/js/pricing-slider.js:16:16)
    at HTMLDocument.dispatch (https://tuba.com.sa/login_asset/js/jquery-3.3.1.js:2:41772)
    at y.handle (https://tuba.com.sa/login_asset/js/jquery-3.3.1.js:2:39791)
    at Object.trigger (https://tuba.com.sa/login_asset/js/jquery-3.3.1.js:2:69551)
    at e.fn.init.triggerHandler (https://tuba.com.sa/login_asset/js/jquery-3.3.1.js:2:70230)
    at HTMLDocument.<anonymous> (https://tuba.com.sa/login_asset/js/jquery-migrate-3.0.0.min.js:2:6335)
    at l (https://tuba.com.sa/login_asset/js/jquery-3.3.1.js:2:29375)
    at c (https://tuba.com.sa/login_asset/js/jquery-3.3.1.js:2:29677) undefined @ https://tuba.com.sa/login_asset/js/jquery-3.3.1.js:1
[    2248ms] TypeError: Cannot read properties of null (reading 'nodeName')
    at Object.create (https://tuba.com.sa/login_asset/js/pricing-slider.js:3:19389)
    at HTMLDocument.<anonymous> (https://tuba.com.sa/login_asset/js/pricing-slider.js:16:16)
    at HTMLDocument.dispatch (https://tuba.com.sa/login_asset/js/jquery-3.3.1.js:2:41772)
    at y.handle (https://tuba.com.sa/login_asset/js/jquery-3.3.1.js:2:39791)
    at Object.trigger (https://tuba.com.sa/login_asset/js/jquery-3.3.1.js:2:69551)
    at e.fn.init.triggerHandler (https://tuba.com.sa/login_asset/js/jquery-3.3.1.js:2:70230)
    at HTMLDocument.<anonymous> (https://tuba.com.sa/login_asset/js/jquery-migrate-3.0.0.min.js:2:6335)
    at l (https://tuba.com.sa/login_asset/js/jquery-3.3.1.js:2:29375)
    at c (https://tuba.com.sa/login_asset/js/jquery-3.3.1.js:2:29677)
[  466844ms] [LOG] JQMIGRATE: Migrate is installed, version 3.0.1 @ https://tuba.com.sa/login_asset/js/jquery-migrate-3.0.0.min.js:1
[  469096ms] TypeError: Cannot read properties of null (reading 'classList')
    at checkScroll (https://tuba.com.sa/login:1204:25)
    at HTMLDocument.<anonymous> (https://tuba.com.sa/login:1208:9)
[  467027ms] [WARNING] jQuery.Deferred exception: Cannot read properties of null (reading 'nodeName') TypeError: Cannot read properties of null (reading 'nodeName')
    at Object.create (https://tuba.com.sa/login_asset/js/pricing-slider.js:3:19389)
    at HTMLDocument.<anonymous> (https://tuba.com.sa/login_asset/js/pricing-slider.js:16:16)
    at HTMLDocument.dispatch (https://tuba.com.sa/login_asset/js/jquery-3.3.1.js:2:41772)
    at HTMLDocument.<anonymous> (https://tuba.com.sa/login_asset/js/jquery-3.3.1.js:2:39791)
    at Object.trigger (https://tuba.com.sa/login_asset/js/jquery-3.3.1.js:2:69551)
    at w.triggerHandler (https://tuba.com.sa/login_asset/js/jquery-3.3.1.js:2:70230)
    at HTMLDocument.<anonymous> (https://tuba.com.sa/login_asset/js/jquery-migrate-3.0.0.min.js:2:6335)
    at l (https://tuba.com.sa/login_asset/js/jquery-3.3.1.js:2:29375)
    at https://tuba.com.sa/login_asset/js/jquery-3.3.1.js:2:29677 undefined @ https://tuba.com.sa/login_asset/js/jquery-3.3.1.js:1
[  469110ms] TypeError: Cannot read properties of null (reading 'nodeName')
    at Object.create (https://tuba.com.sa/login_asset/js/pricing-slider.js:3:19389)
    at HTMLDocument.<anonymous> (https://tuba.com.sa/login_asset/js/pricing-slider.js:16:16)
    at HTMLDocument.dispatch (https://tuba.com.sa/login_asset/js/jquery-3.3.1.js:2:41772)
    at HTMLDocument.<anonymous> (https://tuba.com.sa/login_asset/js/jquery-3.3.1.js:2:39791)
    at Object.trigger (https://tuba.com.sa/login_asset/js/jquery-3.3.1.js:2:69551)
    at w.triggerHandler (https://tuba.com.sa/login_asset/js/jquery-3.3.1.js:2:70230)
    at HTMLDocument.<anonymous> (https://tuba.com.sa/login_asset/js/jquery-migrate-3.0.0.min.js:2:6335)
    at l (https://tuba.com.sa/login_asset/js/jquery-3.3.1.js:2:29375)
    at https://tuba.com.sa/login_asset/js/jquery-3.3.1.js:2:29677
[  467133ms] [ERROR] Failed to load resource: the server responded with a status of 404 () @ https://tuba.com.sa/images/mobile-nav/dark-nav-icon.svg:0
[  476422ms] [LOG] JQMIGRATE: Migrate is installed, version 3.0.1 @ https://tuba.com.sa/login_asset/js/jquery-migrate-3.0.0.min.js:1
[  476551ms] [WARNING] jQuery.Deferred exception: Cannot read properties of null (reading 'nodeName') TypeError: Cannot read properties of null (reading 'nodeName')
    at Object.create (https://tuba.com.sa/login_asset/js/pricing-slider.js:3:19389)
    at HTMLDocument.<anonymous> (https://tuba.com.sa/login_asset/js/pricing-slider.js:16:16)
    at HTMLDocument.dispatch (https://tuba.com.sa/login_asset/js/jquery-3.3.1.js:2:41772)
    at HTMLDocument.<anonymous> (https://tuba.com.sa/login_asset/js/jquery-3.3.1.js:2:39791)
    at Object.trigger (https://tuba.com.sa/login_asset/js/jquery-3.3.1.js:2:69551)
    at w.triggerHandler (https://tuba.com.sa/login_asset/js/jquery-3.3.1.js:2:70230)
    at HTMLDocument.<anonymous> (https://tuba.com.sa/login_asset/js/jquery-migrate-3.0.0.min.js:2:6335)
    at l (https://tuba.com.sa/login_asset/js/jquery-3.3.1.js:2:29375)
    at https://tuba.com.sa/login_asset/js/jquery-3.3.1.js:2:29677 undefined @ https://tuba.com.sa/login_asset/js/jquery-3.3.1.js:1
[  476572ms] TypeError: Cannot read properties of null (reading 'nodeName')
    at Object.create (https://tuba.com.sa/login_asset/js/pricing-slider.js:3:19389)
    at HTMLDocument.<anonymous> (https://tuba.com.sa/login_asset/js/pricing-slider.js:16:16)
    at HTMLDocument.dispatch (https://tuba.com.sa/login_asset/js/jquery-3.3.1.js:2:41772)
    at HTMLDocument.<anonymous> (https://tuba.com.sa/login_asset/js/jquery-3.3.1.js:2:39791)
    at Object.trigger (https://tuba.com.sa/login_asset/js/jquery-3.3.1.js:2:69551)
    at w.triggerHandler (https://tuba.com.sa/login_asset/js/jquery-3.3.1.js:2:70230)
    at HTMLDocument.<anonymous> (https://tuba.com.sa/login_asset/js/jquery-migrate-3.0.0.min.js:2:6335)
    at l (https://tuba.com.sa/login_asset/js/jquery-3.3.1.js:2:29375)
    at https://tuba.com.sa/login_asset/js/jquery-3.3.1.js:2:29677
[  476911ms] [LOG] #active_property_div @ https://tuba.com.sa/js/properties/index.js:39
