[     956ms] [INFO] %cDownload the React DevTools for a better development experience: https://reactjs.org/link/react-devtools font-weight:bold @ https://profolio.bayut.sa/profolio-assets/build-assets/react-vendor.oGa-TPX-.js:179
[    1905ms] [WARNING] ⚠️ React Router Future Flag Warning: React Router will begin wrapping state updates in `React.startTransition` in v7. You can use the `v7_startTransition` future flag to opt-in early. For more information, see https://reactrouter.com/v6/upgrading/future#v7_starttransition. @ https://profolio.bayut.sa/profolio-assets/build-assets/index.DYxU0DoN.js:21
[    1905ms] [WARNING] ⚠️ React Router Future Flag Warning: Relative route resolution within Splat routes is changing in v7. You can use the `v7_relativeSplatPath` future flag to opt-in early. For more information, see https://reactrouter.com/v6/upgrading/future#v7_relativesplatpath. @ https://profolio.bayut.sa/profolio-assets/build-assets/index.DYxU0DoN.js:21
[    2989ms] [ERROR] Warning: Invalid DOM property `%s`. Did you mean `%s`?%s stroke-width strokeWidth 
    at path
    at svg
    at ChevronRightIcon (https://profolio.bayut.sa/profolio-assets/build-assets/index.DYxU0DoN.js:685:1041776)
    at button
    at div
    at aside
    at https://profolio.bayut.sa/profolio-assets/build-assets/index.DYxU0DoN.js:1162:8680
    at Le (https://profolio.bayut.sa/profolio-assets/build-assets/index.DYxU0DoN.js:238:1292)
    at div
    at div
    at https://profolio.bayut.sa/profolio-assets/build-assets/index.DYxU0DoN.js:11644:3721
    at Layout
    at div
    at at (https://profolio.bayut.sa/profolio-assets/build-assets/index.DYxU0DoN.js:238:3592)
    at https://profolio.bayut.sa/profolio-assets/build-assets/index.DYxU0DoN.js:12682:141
    at RenderIfLoggedIn (https://profolio.bayut.sa/profolio-assets/build-assets/index.DYxU0DoN.js:11428:3972)
    at RenderedRoute (https://profolio.bayut.sa/profolio-assets/build-assets/index.DYxU0DoN.js:67:3730)
    at Routes$1 (https://profolio.bayut.sa/profolio-assets/build-assets/index.DYxU0DoN.js:67:10908)
    at MainRouter (https://profolio.bayut.sa/profolio-assets/build-assets/index.DYxU0DoN.js:12682:8252)
    at Router (https://profolio.bayut.sa/profolio-assets/build-assets/index.DYxU0DoN.js:67:9828)
    at BrowserRouter (https://profolio.bayut.sa/profolio-assets/build-assets/index.DYxU0DoN.js:76:4027)
    at Ro (https://profolio.bayut.sa/profolio-assets/build-assets/index.DYxU0DoN.js:45:5060)
    at ErrorBoundary (https://profolio.bayut.sa/profolio-assets/build-assets/index.DYxU0DoN.js:11428:3336)
    at ui (https://profolio.bayut.sa/profolio-assets/build-assets/index.DYxU0DoN.js:251:11272)
    at Le (https://profolio.bayut.sa/profolio-assets/build-assets/index.DYxU0DoN.js:238:1292)
    at LocaleProvider (https://profolio.bayut.sa/profolio-assets/build-assets/index.DYxU0DoN.js:122:12064)
    at MotionWrapper$2 (https://profolio.bayut.sa/profolio-assets/build-assets/index.DYxU0DoN.js:131:14737)
    at ProviderChildren (https://profolio.bayut.sa/profolio-assets/build-assets/index.DYxU0DoN.js:131:16803)
    at ConfigProvider (https://profolio.bayut.sa/profolio-assets/build-assets/index.DYxU0DoN.js:131:21531)
    at App (https://profolio.bayut.sa/profolio-assets/build-assets/index.DYxU0DoN.js:12682:11402)
    at Provider (https://profolio.bayut.sa/profolio-assets/build-assets/index.DYxU0DoN.js:701:27955) @ https://profolio.bayut.sa/profolio-assets/build-assets/index.DYxU0DoN.js:21
[    2990ms] [ERROR] Warning: Invalid DOM property `%s`. Did you mean `%s`?%s stroke-linecap strokeLinecap 
    at path
    at svg
    at ChevronRightIcon (https://profolio.bayut.sa/profolio-assets/build-assets/index.DYxU0DoN.js:685:1041776)
    at button
    at div
    at aside
    at https://profolio.bayut.sa/profolio-assets/build-assets/index.DYxU0DoN.js:1162:8680
    at Le (https://profolio.bayut.sa/profolio-assets/build-assets/index.DYxU0DoN.js:238:1292)
    at div
    at div
    at https://profolio.bayut.sa/profolio-assets/build-assets/index.DYxU0DoN.js:11644:3721
    at Layout
    at div
    at at (https://profolio.bayut.sa/profolio-assets/build-assets/index.DYxU0DoN.js:238:3592)
    at https://profolio.bayut.sa/profolio-assets/build-assets/index.DYxU0DoN.js:12682:141
    at RenderIfLoggedIn (https://profolio.bayut.sa/profolio-assets/build-assets/index.DYxU0DoN.js:11428:3972)
    at RenderedRoute (https://profolio.bayut.sa/profolio-assets/build-assets/index.DYxU0DoN.js:67:3730)
    at Routes$1 (https://profolio.bayut.sa/profolio-assets/build-assets/index.DYxU0DoN.js:67:10908)
    at MainRouter (https://profolio.bayut.sa/profolio-assets/build-assets/index.DYxU0DoN.js:12682:8252)
    at Router (https://profolio.bayut.sa/profolio-assets/build-assets/index.DYxU0DoN.js:67:9828)
    at BrowserRouter (https://profolio.bayut.sa/profolio-assets/build-assets/index.DYxU0DoN.js:76:4027)
    at Ro (https://profolio.bayut.sa/profolio-assets/build-assets/index.DYxU0DoN.js:45:5060)
    at ErrorBoundary (https://profolio.bayut.sa/profolio-assets/build-assets/index.DYxU0DoN.js:11428:3336)
    at ui (https://profolio.bayut.sa/profolio-assets/build-assets/index.DYxU0DoN.js:251:11272)
    at Le (https://profolio.bayut.sa/profolio-assets/build-assets/index.DYxU0DoN.js:238:1292)
    at LocaleProvider (https://profolio.bayut.sa/profolio-assets/build-assets/index.DYxU0DoN.js:122:12064)
    at MotionWrapper$2 (https://profolio.bayut.sa/profolio-assets/build-assets/index.DYxU0DoN.js:131:14737)
    at ProviderChildren (https://profolio.bayut.sa/profolio-assets/build-assets/index.DYxU0DoN.js:131:16803)
    at ConfigProvider (https://profolio.bayut.sa/profolio-assets/build-assets/index.DYxU0DoN.js:131:21531)
    at App (https://profolio.bayut.sa/profolio-assets/build-assets/index.DYxU0DoN.js:12682:11402)
    at Provider (https://profolio.bayut.sa/profolio-assets/build-assets/index.DYxU0DoN.js:701:27955) @ https://profolio.bayut.sa/profolio-assets/build-assets/index.DYxU0DoN.js:21
[    2990ms] [ERROR] Warning: Invalid DOM property `%s`. Did you mean `%s`?%s stroke-linejoin strokeLinejoin 
    at path
    at svg
    at ChevronRightIcon (https://profolio.bayut.sa/profolio-assets/build-assets/index.DYxU0DoN.js:685:1041776)
    at button
    at div
    at aside
    at https://profolio.bayut.sa/profolio-assets/build-assets/index.DYxU0DoN.js:1162:8680
    at Le (https://profolio.bayut.sa/profolio-assets/build-assets/index.DYxU0DoN.js:238:1292)
    at div
    at div
    at https://profolio.bayut.sa/profolio-assets/build-assets/index.DYxU0DoN.js:11644:3721
    at Layout
    at div
    at at (https://profolio.bayut.sa/profolio-assets/build-assets/index.DYxU0DoN.js:238:3592)
    at https://profolio.bayut.sa/profolio-assets/build-assets/index.DYxU0DoN.js:12682:141
    at RenderIfLoggedIn (https://profolio.bayut.sa/profolio-assets/build-assets/index.DYxU0DoN.js:11428:3972)
    at RenderedRoute (https://profolio.bayut.sa/profolio-assets/build-assets/index.DYxU0DoN.js:67:3730)
    at Routes$1 (https://profolio.bayut.sa/profolio-assets/build-assets/index.DYxU0DoN.js:67:10908)
    at MainRouter (https://profolio.bayut.sa/profolio-assets/build-assets/index.DYxU0DoN.js:12682:8252)
    at Router (https://profolio.bayut.sa/profolio-assets/build-assets/index.DYxU0DoN.js:67:9828)
    at BrowserRouter (https://profolio.bayut.sa/profolio-assets/build-assets/index.DYxU0DoN.js:76:4027)
    at Ro (https://profolio.bayut.sa/profolio-assets/build-assets/index.DYxU0DoN.js:45:5060)
    at ErrorBoundary (https://profolio.bayut.sa/profolio-assets/build-assets/index.DYxU0DoN.js:11428:3336)
    at ui (https://profolio.bayut.sa/profolio-assets/build-assets/index.DYxU0DoN.js:251:11272)
    at Le (https://profolio.bayut.sa/profolio-assets/build-assets/index.DYxU0DoN.js:238:1292)
    at LocaleProvider (https://profolio.bayut.sa/profolio-assets/build-assets/index.DYxU0DoN.js:122:12064)
    at MotionWrapper$2 (https://profolio.bayut.sa/profolio-assets/build-assets/index.DYxU0DoN.js:131:14737)
    at ProviderChildren (https://profolio.bayut.sa/profolio-assets/build-assets/index.DYxU0DoN.js:131:16803)
    at ConfigProvider (https://profolio.bayut.sa/profolio-assets/build-assets/index.DYxU0DoN.js:131:21531)
    at App (https://profolio.bayut.sa/profolio-assets/build-assets/index.DYxU0DoN.js:12682:11402)
    at Provider (https://profolio.bayut.sa/profolio-assets/build-assets/index.DYxU0DoN.js:701:27955) @ https://profolio.bayut.sa/profolio-assets/build-assets/index.DYxU0DoN.js:21
[    3591ms] [ERROR] Warning: Each child in a list should have a unique "key" prop.%s%s See https://reactjs.org/link/warning-keys for more information.%s 

Check the render method of `ImageUpload`.  
    at div
    at ImageUpload (https://profolio.bayut.sa/profolio-assets/build-assets/index.DYxU0DoN.js:4493:304542)
    at div
    at at (https://profolio.bayut.sa/profolio-assets/build-assets/index.DYxU0DoN.js:238:3592)
    at Group$3 (https://profolio.bayut.sa/profolio-assets/build-assets/index.DYxU0DoN.js:798:31)
    at form
    at https://profolio.bayut.sa/profolio-assets/build-assets/index.DYxU0DoN.js:4797:60
    at at (https://profolio.bayut.sa/profolio-assets/build-assets/index.DYxU0DoN.js:238:3592)
    at div
    at at (https://profolio.bayut.sa/profolio-assets/build-assets/index.DYxU0DoN.js:238:3592)
    at div
    at at (https://profolio.bayut.sa/profolio-assets/build-assets/index.DYxU0DoN.js:238:3592)
    at LoaderWrapper (https://profolio.bayut.sa/profolio-assets/build-assets/index.DYxU0DoN.js:2684:28)
    at div
    at div
    at div
    at https://profolio.bayut.sa/profolio-assets/build-assets/index.DYxU0DoN.js:1697:6003
    at https://profolio.bayut.sa/profolio-assets/build-assets/index.DYxU0DoN.js:3747:31
    at at (https://profolio.bayut.sa/profolio-assets/build-assets/index.DYxU0DoN.js:238:3592)
    at Card (https://profolio.bayut.sa/profolio-assets/build-assets/index.DYxU0DoN.js:4194:6899)
    at de (https://profolio.bayut.sa/profolio-assets/build-assets/agancy-settings.D4uMPxnG.js:1:643)
    at RenderedRoute (https://profolio.bayut.sa/profolio-assets/build-assets/index.DYxU0DoN.js:67:3730)
    at Routes$1 (https://profolio.bayut.sa/profolio-assets/build-assets/index.DYxU0DoN.js:67:10908)
    at Suspense
    at div
    at https://profolio.bayut.sa/profolio-assets/build-assets/index.DYxU0DoN.js:622:5284
    at div
    at https://profolio.bayut.sa/profolio-assets/build-assets/index.DYxU0DoN.js:622:9367
    at div
    at at (https://profolio.bayut.sa/profolio-assets/build-assets/index.DYxU0DoN.js:238:3592)
    at div
    at at (https://profolio.bayut.sa/profolio-assets/build-assets/index.DYxU0DoN.js:238:3592)
    at ns (https://profolio.bayut.sa/profolio-assets/build-assets/user-settings.fyL_Y4TY.js:2:1728)
    at RenderedRoute (https://profolio.bayut.sa/profolio-assets/build-assets/index.DYxU0DoN.js:67:3730)
    at Routes$1 (https://profolio.bayut.sa/profolio-assets/build-assets/index.DYxU0DoN.js:67:10908)
    at Suspense
    at Home (https://profolio.bayut.sa/profolio-assets/build-assets/index.DYxU0DoN.js:12682:7641)
    at main
    at https://profolio.bayut.sa/profolio-assets/build-assets/index.DYxU0DoN.js:11644:3310
    at Content
    at div
    at https://profolio.bayut.sa/profolio-assets/build-assets/index.DYxU0DoN.js:11644:3721
    at Layout
    at div
    at https://profolio.bayut.sa/profolio-assets/build-assets/index.DYxU0DoN.js:11644:3721
    at Layout
    at div
    at at (https://profolio.bayut.sa/profolio-assets/build-assets/index.DYxU0DoN.js:238:3592)
    at https://profolio.bayut.sa/profolio-assets/build-assets/index.DYxU0DoN.js:12682:141
    at RenderIfLoggedIn (https://profolio.bayut.sa/profolio-assets/build-assets/index.DYxU0DoN.js:11428:3972)
    at RenderedRoute (https://profolio.bayut.sa/profolio-assets/build-assets/index.DYxU0DoN.js:67:3730)
    at Routes$1 (https://profolio.bayut.sa/profolio-assets/build-assets/index.DYxU0DoN.js:67:10908)
    at MainRouter (https://profolio.bayut.sa/profolio-assets/build-assets/index.DYxU0DoN.js:12682:8252)
    at Router (https://profolio.bayut.sa/profolio-assets/build-assets/index.DYxU0DoN.js:67:9828)
    at BrowserRouter (https://profolio.bayut.sa/profolio-assets/build-assets/index.DYxU0DoN.js:76:4027)
    at Ro (https://profolio.bayut.sa/profolio-assets/build-assets/index.DYxU0DoN.js:45:5060)
    at ErrorBoundary (https://profolio.bayut.sa/profolio-assets/build-assets/index.DYxU0DoN.js:11428:3336)
    at ui (https://profolio.bayut.sa/profolio-assets/build-assets/index.DYxU0DoN.js:251:11272)
    at Le (https://profolio.bayut.sa/profolio-assets/build-assets/index.DYxU0DoN.js:238:1292)
    at LocaleProvider (https://profolio.bayut.sa/profolio-assets/build-assets/index.DYxU0DoN.js:122:12064)
    at MotionWrapper$2 (https://profolio.bayut.sa/profolio-assets/build-assets/index.DYxU0DoN.js:131:14737)
    at ProviderChildren (https://profolio.bayut.sa/profolio-assets/build-assets/index.DYxU0DoN.js:131:16803)
    at ConfigProvider (https://profolio.bayut.sa/profolio-assets/build-assets/index.DYxU0DoN.js:131:21531)
    at App (https://profolio.bayut.sa/profolio-assets/build-assets/index.DYxU0DoN.js:12682:11402)
    at Provider (https://profolio.bayut.sa/profolio-assets/build-assets/index.DYxU0DoN.js:701:27955) @ https://profolio.bayut.sa/profolio-assets/build-assets/index.DYxU0DoN.js:21
[    3596ms] [ERROR] Warning: Received `%s` for a non-boolean attribute `%s`.

If you want to write it to the DOM, pass a string instead: %s="%s" or %s={value.toString()}.

If you used to conditionally omit it with %s={condition && value}, pass %s={condition ? value : undefined} instead.%s false className className false className className className 
    at div
    at div
    at https://profolio.bayut.sa/profolio-assets/build-assets/index.DYxU0DoN.js:1617:25673
    at at (https://profolio.bayut.sa/profolio-assets/build-assets/index.DYxU0DoN.js:238:3592)
    at me (https://profolio.bayut.sa/profolio-assets/build-assets/index.DYxU0DoN.js:236:2845)
    at Flex (https://profolio.bayut.sa/profolio-assets/build-assets/index.DYxU0DoN.js:1625:69)
    at div
    at at (https://profolio.bayut.sa/profolio-assets/build-assets/index.DYxU0DoN.js:238:3592)
    at Group$3 (https://profolio.bayut.sa/profolio-assets/build-assets/index.DYxU0DoN.js:798:31)
    at ImageUpload (https://profolio.bayut.sa/profolio-assets/build-assets/index.DYxU0DoN.js:4493:304542)
    at div
    at at (https://profolio.bayut.sa/profolio-assets/build-assets/index.DYxU0DoN.js:238:3592)
    at Group$3 (https://profolio.bayut.sa/profolio-assets/build-assets/index.DYxU0DoN.js:798:31)
    at form
    at https://profolio.bayut.sa/profolio-assets/build-assets/index.DYxU0DoN.js:4797:60
    at at (https://profolio.bayut.sa/profolio-assets/build-assets/index.DYxU0DoN.js:238:3592)
    at div
    at at (https://profolio.bayut.sa/profolio-assets/build-assets/index.DYxU0DoN.js:238:3592)
    at div
    at at (https://profolio.bayut.sa/profolio-assets/build-assets/index.DYxU0DoN.js:238:3592)
    at LoaderWrapper (https://profolio.bayut.sa/profolio-assets/build-assets/index.DYxU0DoN.js:2684:28)
    at div
    at div
    at div
    at https://profolio.bayut.sa/profolio-assets/build-assets/index.DYxU0DoN.js:1697:6003
    at https://profolio.bayut.sa/profolio-assets/build-assets/index.DYxU0DoN.js:3747:31
    at at (https://profolio.bayut.sa/profolio-assets/build-assets/index.DYxU0DoN.js:238:3592)
    at Card (https://profolio.bayut.sa/profolio-assets/build-assets/index.DYxU0DoN.js:4194:6899)
    at de (https://profolio.bayut.sa/profolio-assets/build-assets/agancy-settings.D4uMPxnG.js:1:643)
    at RenderedRoute (https://profolio.bayut.sa/profolio-assets/build-assets/index.DYxU0DoN.js:67:3730)
    at Routes$1 (https://profolio.bayut.sa/profolio-assets/build-assets/index.DYxU0DoN.js:67:10908)
    at Suspense
    at div
    at https://profolio.bayut.sa/profolio-assets/build-assets/index.DYxU0DoN.js:622:5284
    at div
    at https://profolio.bayut.sa/profolio-assets/build-assets/index.DYxU0DoN.js:622:9367
    at div
    at at (https://profolio.bayut.sa/profolio-assets/build-assets/index.DYxU0DoN.js:238:3592)
    at div
    at at (https://profolio.bayut.sa/profolio-assets/build-assets/index.DYxU0DoN.js:238:3592)
    at ns (https://profolio.bayut.sa/profolio-assets/build-assets/user-settings.fyL_Y4TY.js:2:1728)
    at RenderedRoute (https://profolio.bayut.sa/profolio-assets/build-assets/index.DYxU0DoN.js:67:3730)
    at Routes$1 (https://profolio.bayut.sa/profolio-assets/build-assets/index.DYxU0DoN.js:67:10908)
    at Suspense
    at Home (https://profolio.bayut.sa/profolio-assets/build-assets/index.DYxU0DoN.js:12682:7641)
    at main
    at https://profolio.bayut.sa/profolio-assets/build-assets/index.DYxU0DoN.js:11644:3310
    at Content
    at div
    at https://profolio.bayut.sa/profolio-assets/build-assets/index.DYxU0DoN.js:11644:3721
    at Layout
    at div
    at https://profolio.bayut.sa/profolio-assets/build-assets/index.DYxU0DoN.js:11644:3721
    at Layout
    at div
    at at (https://profolio.bayut.sa/profolio-assets/build-assets/index.DYxU0DoN.js:238:3592)
    at https://profolio.bayut.sa/profolio-assets/build-assets/index.DYxU0DoN.js:12682:141
    at RenderIfLoggedIn (https://profolio.bayut.sa/profolio-assets/build-assets/index.DYxU0DoN.js:11428:3972)
    at RenderedRoute (https://profolio.bayut.sa/profolio-assets/build-assets/index.DYxU0DoN.js:67:3730)
    at Routes$1 (https://profolio.bayut.sa/profolio-assets/build-assets/index.DYxU0DoN.js:67:10908)
    at MainRouter (https://profolio.bayut.sa/profolio-assets/build-assets/index.DYxU0DoN.js:12682:8252)
    at Router (https://profolio.bayut.sa/profolio-assets/build-assets/index.DYxU0DoN.js:67:9828)
    at BrowserRouter (https://profolio.bayut.sa/profolio-assets/build-assets/index.DYxU0DoN.js:76:4027)
    at Ro (https://profolio.bayut.sa/profolio-assets/build-assets/index.DYxU0DoN.js:45:5060)
    at ErrorBoundary (https://profolio.bayut.sa/profolio-assets/build-assets/index.DYxU0DoN.js:11428:3336)
    at ui (https://profolio.bayut.sa/profolio-assets/build-assets/index.DYxU0DoN.js:251:11272)
    at Le (https://profolio.bayut.sa/profolio-assets/build-assets/index.DYxU0DoN.js:238:1292)
    at LocaleProvider (https://profolio.bayut.sa/profolio-assets/build-assets/index.DYxU0DoN.js:122:12064)
    at MotionWrapper$2 (https://profolio.bayut.sa/profolio-assets/build-assets/index.DYxU0DoN.js:131:14737)
    at ProviderChildren (https://profolio.bayut.sa/profolio-assets/build-assets/index.DYxU0DoN.js:131:16803)
    at ConfigProvider (https://profolio.bayut.sa/profolio-assets/build-assets/index.DYxU0DoN.js:131:21531)
    at App (https://profolio.bayut.sa/profolio-assets/build-assets/index.DYxU0DoN.js:12682:11402)
    at Provider (https://profolio.bayut.sa/profolio-assets/build-assets/index.DYxU0DoN.js:701:27955) @ https://profolio.bayut.sa/profolio-assets/build-assets/index.DYxU0DoN.js:21
[    3602ms] [ERROR] Warning: Each child in a list should have a unique "key" prop.%s%s See https://reactjs.org/link/warning-keys for more information.%s 

Check the render method of `ProfilePictureGuidelinesModal`.  
    at div
    at ProfilePictureGuidelinesModal (https://profolio.bayut.sa/profolio-assets/build-assets/index.DYxU0DoN.js:4493:288393)
    at ImageUpload (https://profolio.bayut.sa/profolio-assets/build-assets/index.DYxU0DoN.js:4493:304542)
    at div
    at at (https://profolio.bayut.sa/profolio-assets/build-assets/index.DYxU0DoN.js:238:3592)
    at Group$3 (https://profolio.bayut.sa/profolio-assets/build-assets/index.DYxU0DoN.js:798:31)
    at form
    at https://profolio.bayut.sa/profolio-assets/build-assets/index.DYxU0DoN.js:4797:60
    at at (https://profolio.bayut.sa/profolio-assets/build-assets/index.DYxU0DoN.js:238:3592)
    at div
    at at (https://profolio.bayut.sa/profolio-assets/build-assets/index.DYxU0DoN.js:238:3592)
    at div
    at at (https://profolio.bayut.sa/profolio-assets/build-assets/index.DYxU0DoN.js:238:3592)
    at LoaderWrapper (https://profolio.bayut.sa/profolio-assets/build-assets/index.DYxU0DoN.js:2684:28)
    at div
    at div
    at div
    at https://profolio.bayut.sa/profolio-assets/build-assets/index.DYxU0DoN.js:1697:6003
    at https://profolio.bayut.sa/profolio-assets/build-assets/index.DYxU0DoN.js:3747:31
    at at (https://profolio.bayut.sa/profolio-assets/build-assets/index.DYxU0DoN.js:238:3592)
    at Card (https://profolio.bayut.sa/profolio-assets/build-assets/index.DYxU0DoN.js:4194:6899)
    at de (https://profolio.bayut.sa/profolio-assets/build-assets/agancy-settings.D4uMPxnG.js:1:643)
    at RenderedRoute (https://profolio.bayut.sa/profolio-assets/build-assets/index.DYxU0DoN.js:67:3730)
    at Routes$1 (https://profolio.bayut.sa/profolio-assets/build-assets/index.DYxU0DoN.js:67:10908)
    at Suspense
    at div
    at https://profolio.bayut.sa/profolio-assets/build-assets/index.DYxU0DoN.js:622:5284
    at div
    at https://profolio.bayut.sa/profolio-assets/build-assets/index.DYxU0DoN.js:622:9367
    at div
    at at (https://profolio.bayut.sa/profolio-assets/build-assets/index.DYxU0DoN.js:238:3592)
    at div
    at at (https://profolio.bayut.sa/profolio-assets/build-assets/index.DYxU0DoN.js:238:3592)
    at ns (https://profolio.bayut.sa/profolio-assets/build-assets/user-settings.fyL_Y4TY.js:2:1728)
    at RenderedRoute (https://profolio.bayut.sa/profolio-assets/build-assets/index.DYxU0DoN.js:67:3730)
    at Routes$1 (https://profolio.bayut.sa/profolio-assets/build-assets/index.DYxU0DoN.js:67:10908)
    at Suspense
    at Home (https://profolio.bayut.sa/profolio-assets/build-assets/index.DYxU0DoN.js:12682:7641)
    at main
    at https://profolio.bayut.sa/profolio-assets/build-assets/index.DYxU0DoN.js:11644:3310
    at Content
    at div
    at https://profolio.bayut.sa/profolio-assets/build-assets/index.DYxU0DoN.js:11644:3721
    at Layout
    at div
    at https://profolio.bayut.sa/profolio-assets/build-assets/index.DYxU0DoN.js:11644:3721
    at Layout
    at div
    at at (https://profolio.bayut.sa/profolio-assets/build-assets/index.DYxU0DoN.js:238:3592)
    at https://profolio.bayut.sa/profolio-assets/build-assets/index.DYxU0DoN.js:12682:141
    at RenderIfLoggedIn (https://profolio.bayut.sa/profolio-assets/build-assets/index.DYxU0DoN.js:11428:3972)
    at RenderedRoute (https://profolio.bayut.sa/profolio-assets/build-assets/index.DYxU0DoN.js:67:3730)
    at Routes$1 (https://profolio.bayut.sa/profolio-assets/build-assets/index.DYxU0DoN.js:67:10908)
    at MainRouter (https://profolio.bayut.sa/profolio-assets/build-assets/index.DYxU0DoN.js:12682:8252)
    at Router (https://profolio.bayut.sa/profolio-assets/build-assets/index.DYxU0DoN.js:67:9828)
    at BrowserRouter (https://profolio.bayut.sa/profolio-assets/build-assets/index.DYxU0DoN.js:76:4027)
    at Ro (https://profolio.bayut.sa/profolio-assets/build-assets/index.DYxU0DoN.js:45:5060)
    at ErrorBoundary (https://profolio.bayut.sa/profolio-assets/build-assets/index.DYxU0DoN.js:11428:3336)
    at ui (https://profolio.bayut.sa/profolio-assets/build-assets/index.DYxU0DoN.js:251:11272)
    at Le (https://profolio.bayut.sa/profolio-assets/build-assets/index.DYxU0DoN.js:238:1292)
    at LocaleProvider (https://profolio.bayut.sa/profolio-assets/build-assets/index.DYxU0DoN.js:122:12064)
    at MotionWrapper$2 (https://profolio.bayut.sa/profolio-assets/build-assets/index.DYxU0DoN.js:131:14737)
    at ProviderChildren (https://profolio.bayut.sa/profolio-assets/build-assets/index.DYxU0DoN.js:131:16803)
    at ConfigProvider (https://profolio.bayut.sa/profolio-assets/build-assets/index.DYxU0DoN.js:131:21531)
    at App (https://profolio.bayut.sa/profolio-assets/build-assets/index.DYxU0DoN.js:12682:11402)
    at Provider (https://profolio.bayut.sa/profolio-assets/build-assets/index.DYxU0DoN.js:701:27955) @ https://profolio.bayut.sa/profolio-assets/build-assets/index.DYxU0DoN.js:21
[    3778ms] [LOG] %c MoEngage %c %c info %c %c Pre-Initialization  color: white; background: #41AE55; border-radius: 5px;  color: white; background: #18a0bf; border-radius: 5px;  color: white; background: #48beab; border-radius: 5px; Script loaded! @ https://profolio.bayut.sa/profolio-assets/build-assets/index.DYxU0DoN.js:21
[    3778ms] [LOG] %c MoEngage %c %c Pre-Initialization %c %c SDK Version %c  color: white; background: #41AE55; border-radius: 5px;  color: white; background: #48beab; border-radius: 5px;  color: white; background: #a400ff; border-radius: 5px;  2.49.0 @ https://profolio.bayut.sa/profolio-assets/build-assets/index.DYxU0DoN.js:21
[    3778ms] [WARNING] %c MoEngage %c %c warn %c %c Pre-Initialization  color: white; background: #41AE55; border-radius: 5px;  color: white; background: #e8ab51; border-radius: 5px;  color: white; background: #48beab; border-radius: 5px; You are currently using MoEngage in debug environment. You'll find all the data captured in this environment in the TEST mode on the dashoard. @ https://profolio.bayut.sa/profolio-assets/build-assets/index.DYxU0DoN.js:21
[    3778ms] [WARNING] %c MoEngage %c %c warn %c %c Pre-Initialization  color: white; background: #41AE55; border-radius: 5px;  color: white; background: #e8ab51; border-radius: 5px;  color: white; background: #48beab; border-radius: 5px; Please initialize with debugLevel as 0 @ https://profolio.bayut.sa/profolio-assets/build-assets/index.DYxU0DoN.js:21
[    3779ms] [LOG] %c MoEngage %c %c info %c %c MoeApi.getAndPersistWebSettings  color: white; background: #41AE55; border-radius: 5px;  color: white; background: #18a0bf; border-radius: 5px;  color: white; background: #48beab; border-radius: 5px; Fetching latest web sdk settings for YN6SIPTELMJ62JCQ1WIC9V5L_DEBUG @ https://profolio.bayut.sa/profolio-assets/build-assets/index.DYxU0DoN.js:21
[    4145ms] [LOG] %c MoEngage %c %c info %c %c MoeApi.getAndPersistWebSettings  color: white; background: #41AE55; border-radius: 5px;  color: white; background: #18a0bf; border-radius: 5px;  color: white; background: #48beab; border-radius: 5px; Fetching config settings for YN6SIPTELMJ62JCQ1WIC9V5L_DEBUG @ https://profolio.bayut.sa/profolio-assets/build-assets/index.DYxU0DoN.js:21
[    4513ms] [LOG] %c MoEngage %c %c info %c %c MoeApi.getAndPersistWebSettings  color: white; background: #41AE55; border-radius: 5px;  color: white; background: #18a0bf; border-radius: 5px;  color: white; background: #48beab; border-radius: 5px; Fetched latest web and config settings @ https://profolio.bayut.sa/profolio-assets/build-assets/index.DYxU0DoN.js:21
[    4517ms] [LOG] %c MoEngage %c %c info %c %c Initialization  color: white; background: #41AE55; border-radius: 5px;  color: white; background: #18a0bf; border-radius: 5px;  color: white; background: #48beab; border-radius: 5px; Enabled Batching for Event Tracking @ https://profolio.bayut.sa/profolio-assets/build-assets/index.DYxU0DoN.js:21
[    4520ms] [LOG] %c MoEngage %c %c info %c %c UserModel.get  color: white; background: #41AE55; border-radius: 5px;  color: white; background: #18a0bf; border-radius: 5px;  color: white; background: #48beab; border-radius: 5px; User resolved from cookie:  Tt @ https://profolio.bayut.sa/profolio-assets/build-assets/index.DYxU0DoN.js:21
[    4521ms] [LOG] %c MoEngage %c %c Initialization %c %c Device UUID %c  color: white; background: #41AE55; border-radius: 5px;  color: white; background: #48beab; border-radius: 5px;  color: white; background: #a400ff; border-radius: 5px;  b1c138f4-4276-488d-86f2-e7b34d1c1673 @ https://profolio.bayut.sa/profolio-assets/build-assets/index.DYxU0DoN.js:21
[    4521ms] [LOG] %c MoEngage %c %c Initialization %c %c Device Added %c  color: white; background: #41AE55; border-radius: 5px;  color: white; background: #48beab; border-radius: 5px;  color: white; background: #a400ff; border-radius: 5px;  true @ https://profolio.bayut.sa/profolio-assets/build-assets/index.DYxU0DoN.js:21
[    4522ms] [LOG] %c MoEngage %c %c info %c %c HTTPS-NotificationManager.registerServiceWorker  color: white; background: #41AE55; border-radius: 5px;  color: white; background: #18a0bf; border-radius: 5px;  color: white; background: #48beab; border-radius: 5px; Using user defined path to serviceworker: /moengage-service-worker.js @ https://profolio.bayut.sa/profolio-assets/build-assets/index.DYxU0DoN.js:21
[    4523ms] [LOG] %c MoEngage %c %c info %c %c HTTPS-NotificationManager.registerServiceWorker  color: white; background: #41AE55; border-radius: 5px;  color: white; background: #18a0bf; border-radius: 5px;  color: white; background: #48beab; border-radius: 5px; Scope for serviceworker: / @ https://profolio.bayut.sa/profolio-assets/build-assets/index.DYxU0DoN.js:21
[    4523ms] [LOG] %c MoEngage %c %c info %c %c MoeOnsite.initialize  color: white; background: #41AE55; border-radius: 5px;  color: white; background: #18a0bf; border-radius: 5px;  color: white; background: #48beab; border-radius: 5px; Initialising onsite module @ https://profolio.bayut.sa/profolio-assets/build-assets/index.DYxU0DoN.js:21
[    4524ms] [LOG] %c MoEngage %c %c info %c %c Moengage.clearWindowQ  color: white; background: #41AE55; border-radius: 5px;  color: white; background: #18a0bf; border-radius: 5px;  color: white; background: #48beab; border-radius: 5px; Method called before SDK downloaded: [add_unique_user_id] [eda8e4b2-5c18-415a-a9d8-b1a6b94bd632] @ https://profolio.bayut.sa/profolio-assets/build-assets/index.DYxU0DoN.js:21
[    4524ms] [LOG] %c MoEngage %c %c info %c %c Moengage.clearWindowQ  color: white; background: #41AE55; border-radius: 5px;  color: white; background: #18a0bf; border-radius: 5px;  color: white; background: #48beab; border-radius: 5px; Method called before SDK downloaded: [add_email] [qusai@asbarunified.com] @ https://profolio.bayut.sa/profolio-assets/build-assets/index.DYxU0DoN.js:21
[    4524ms] [LOG] %c MoEngage %c %c info %c %c Moengage.clearWindowQ  color: white; background: #41AE55; border-radius: 5px;  color: white; background: #18a0bf; border-radius: 5px;  color: white; background: #48beab; border-radius: 5px; Method called before SDK downloaded: [add_user_name] [Fahad Hameed] @ https://profolio.bayut.sa/profolio-assets/build-assets/index.DYxU0DoN.js:21
[    4525ms] [LOG] %c MoEngage %c %c info %c %c MoEngage.user.addUserAttribute  color: white; background: #41AE55; border-radius: 5px;  color: white; background: #18a0bf; border-radius: 5px;  color: white; background: #48beab; border-radius: 5px; User already logged in with id: eda8e4b2-5c18-415a-a9d8-b1a6b94bd632 @ https://profolio.bayut.sa/profolio-assets/build-assets/index.DYxU0DoN.js:21
[    4528ms] [ERROR] %c MoEngage %c %c error %c %c MoEngage.user.addUserAttribute  color: white; background: #41AE55; border-radius: 5px;  color: white; background: #cc0a0a; border-radius: 5px;  color: white; background: #48beab; border-radius: 5px; Attribute already present/queued. Not adding again. @ https://profolio.bayut.sa/profolio-assets/build-assets/index.DYxU0DoN.js:21
[    4530ms] [LOG] %c MoEngage %c %c info %c %c MoeApi.reportAddInternal  color: white; background: #41AE55; border-radius: 5px;  color: white; background: #18a0bf; border-radius: 5px;  color: white; background: #48beab; border-radius: 5px; Event batched successfully: Jt @ https://profolio.bayut.sa/profolio-assets/build-assets/index.DYxU0DoN.js:21
[    4531ms] [LOG] %c MoEngage %c %c info %c %c MoeApi.reportAddInternal  color: white; background: #41AE55; border-radius: 5px;  color: white; background: #18a0bf; border-radius: 5px;  color: white; background: #48beab; border-radius: 5px; Event batched successfully: Jt @ https://profolio.bayut.sa/profolio-assets/build-assets/index.DYxU0DoN.js:21
[    4533ms] [LOG] %c MoEngage %c %c info %c %c MoeApi.reportAddInternal  color: white; background: #41AE55; border-radius: 5px;  color: white; background: #18a0bf; border-radius: 5px;  color: white; background: #48beab; border-radius: 5px; Event batched successfully: Jt @ https://profolio.bayut.sa/profolio-assets/build-assets/index.DYxU0DoN.js:21
[    4536ms] [LOG] %c MoEngage %c %c info %c %c WebPushManager.startPushSubscription  color: white; background: #41AE55; border-radius: 5px;  color: white; background: #18a0bf; border-radius: 5px;  color: white; background: #48beab; border-radius: 5px; Not showing opt in as last it was shown 5 minute(s) back on Wed Aug 05 2026 18:17:53 GMT+0300 (التوقيت العربي الرسمي) . Reappear time is set to 1 hours. @ https://profolio.bayut.sa/profolio-assets/build-assets/index.DYxU0DoN.js:21
[    4537ms] [LOG] %c MoEngage %c %c info %c %c WebPushManager.startPushSubscription  color: white; background: #41AE55; border-radius: 5px;  color: white; background: #18a0bf; border-radius: 5px;  color: white; background: #48beab; border-radius: 5px; You can clear localstorage to get opt-in again. @ https://profolio.bayut.sa/profolio-assets/build-assets/index.DYxU0DoN.js:21
[    4538ms] [LOG] %c MoEngage %c %c info %c %c MoeOnsite.shouldSaveRemoteCampaigns  color: white; background: #41AE55; border-radius: 5px;  color: white; background: #18a0bf; border-radius: 5px;  color: white; background: #48beab; border-radius: 5px; Last fetch was less than 15 mins ago at  Wed Aug 05 2026 18:17:52 GMT+0300 (التوقيت العربي الرسمي) @ https://profolio.bayut.sa/profolio-assets/build-assets/index.DYxU0DoN.js:21
