[   10281ms] [ERROR] Failed to load resource: the server responded with a status of 404 () @ https://tuba.com.sa/login_asset/images/homepageimages/SELLER.jpg:0
[   10740ms] [LOG] JQMIGRATE: Migrate is installed, version 3.0.1 @ https://tuba.com.sa/login_asset/js/jquery-migrate-3.0.0.min.js:1
[   11052ms] [ERROR] Failed to load resource: the server responded with a status of 404 () @ https://tuba.com.sa/login_asset/images/homepageimages/SELLER.jpg:0
[   11055ms] [WARNING] jQuery.Deferred exception: Cannot read properties of null (reading 'nodeName') TypeError: Cannot read properties of null (reading 'nodeName')
    at Object.create (https://tuba.com.sa/login_asset/js/pricing-slider.js:3:19389)
    at HTMLDocument.<anonymous> (https://tuba.com.sa/login_asset/js/pricing-slider.js:16:16)
    at HTMLDocument.dispatch (https://tuba.com.sa/login_asset/js/jquery-3.3.1.js:2:41772)
    at y.handle (https://tuba.com.sa/login_asset/js/jquery-3.3.1.js:2:39791)
    at Object.trigger (https://tuba.com.sa/login_asset/js/jquery-3.3.1.js:2:69551)
    at e.fn.init.triggerHandler (https://tuba.com.sa/login_asset/js/jquery-3.3.1.js:2:70230)
    at HTMLDocument.<anonymous> (https://tuba.com.sa/login_asset/js/jquery-migrate-3.0.0.min.js:2:6335)
    at l (https://tuba.com.sa/login_asset/js/jquery-3.3.1.js:2:29375)
    at c (https://tuba.com.sa/login_asset/js/jquery-3.3.1.js:2:29677) undefined @ https://tuba.com.sa/login_asset/js/jquery-3.3.1.js:1
[   11123ms] TypeError: Cannot read properties of null (reading 'nodeName')
    at Object.create (https://tuba.com.sa/login_asset/js/pricing-slider.js:3:19389)
    at HTMLDocument.<anonymous> (https://tuba.com.sa/login_asset/js/pricing-slider.js:16:16)
    at HTMLDocument.dispatch (https://tuba.com.sa/login_asset/js/jquery-3.3.1.js:2:41772)
    at y.handle (https://tuba.com.sa/login_asset/js/jquery-3.3.1.js:2:39791)
    at Object.trigger (https://tuba.com.sa/login_asset/js/jquery-3.3.1.js:2:69551)
    at e.fn.init.triggerHandler (https://tuba.com.sa/login_asset/js/jquery-3.3.1.js:2:70230)
    at HTMLDocument.<anonymous> (https://tuba.com.sa/login_asset/js/jquery-migrate-3.0.0.min.js:2:6335)
    at l (https://tuba.com.sa/login_asset/js/jquery-3.3.1.js:2:29375)
    at c (https://tuba.com.sa/login_asset/js/jquery-3.3.1.js:2:29677)
[   15228ms] [LOG] JQMIGRATE: Migrate is installed, version 3.0.1 @ https://tuba.com.sa/login_asset/js/jquery-migrate-3.0.0.min.js:1
[   15310ms] TypeError: Cannot read properties of null (reading 'classList')
    at checkScroll (https://tuba.com.sa/login:1201:25)
    at HTMLDocument.<anonymous> (https://tuba.com.sa/login:1208:9)
[   15324ms] [WARNING] jQuery.Deferred exception: Cannot read properties of null (reading 'nodeName') TypeError: Cannot read properties of null (reading 'nodeName')
    at Object.create (https://tuba.com.sa/login_asset/js/pricing-slider.js:3:19389)
    at HTMLDocument.<anonymous> (https://tuba.com.sa/login_asset/js/pricing-slider.js:16:16)
    at HTMLDocument.dispatch (https://tuba.com.sa/login_asset/js/jquery-3.3.1.js:2:41772)
    at y.handle (https://tuba.com.sa/login_asset/js/jquery-3.3.1.js:2:39791)
    at Object.trigger (https://tuba.com.sa/login_asset/js/jquery-3.3.1.js:2:69551)
    at e.fn.init.triggerHandler (https://tuba.com.sa/login_asset/js/jquery-3.3.1.js:2:70230)
    at HTMLDocument.<anonymous> (https://tuba.com.sa/login_asset/js/jquery-migrate-3.0.0.min.js:2:6335)
    at l (https://tuba.com.sa/login_asset/js/jquery-3.3.1.js:2:29375)
    at c (https://tuba.com.sa/login_asset/js/jquery-3.3.1.js:2:29677) undefined @ https://tuba.com.sa/login_asset/js/jquery-3.3.1.js:1
[   15342ms] [ERROR] Failed to load resource: the server responded with a status of 404 () @ https://tuba.com.sa/images/mobile-nav/dark-nav-icon.svg:0
[   15346ms] TypeError: Cannot read properties of null (reading 'nodeName')
    at Object.create (https://tuba.com.sa/login_asset/js/pricing-slider.js:3:19389)
    at HTMLDocument.<anonymous> (https://tuba.com.sa/login_asset/js/pricing-slider.js:16:16)
    at HTMLDocument.dispatch (https://tuba.com.sa/login_asset/js/jquery-3.3.1.js:2:41772)
    at y.handle (https://tuba.com.sa/login_asset/js/jquery-3.3.1.js:2:39791)
    at Object.trigger (https://tuba.com.sa/login_asset/js/jquery-3.3.1.js:2:69551)
    at e.fn.init.triggerHandler (https://tuba.com.sa/login_asset/js/jquery-3.3.1.js:2:70230)
    at HTMLDocument.<anonymous> (https://tuba.com.sa/login_asset/js/jquery-migrate-3.0.0.min.js:2:6335)
    at l (https://tuba.com.sa/login_asset/js/jquery-3.3.1.js:2:29375)
    at c (https://tuba.com.sa/login_asset/js/jquery-3.3.1.js:2:29677)
[   23354ms] [ERROR] Failed to load resource: the server responded with a status of 404 () @ https://tuba.com.sa/login_asset/images/homepageimages/SELLER.jpg:0
[   23448ms] [ERROR] Failed to load resource: the server responded with a status of 404 () @ https://tuba.com.sa/login_asset/images/homepageimages/SELLER.jpg:0
[   23487ms] [LOG] JQMIGRATE: Migrate is installed, version 3.0.1 @ https://tuba.com.sa/login_asset/js/jquery-migrate-3.0.0.min.js:1
[   23590ms] [ERROR] Failed to load resource: the server responded with a status of 404 () @ https://tuba.com.sa/login_asset/images/homepageimages/SELLER.jpg:0
[   23701ms] [WARNING] jQuery.Deferred exception: Cannot read properties of null (reading 'nodeName') TypeError: Cannot read properties of null (reading 'nodeName')
    at Object.create (https://tuba.com.sa/login_asset/js/pricing-slider.js:3:19389)
    at HTMLDocument.<anonymous> (https://tuba.com.sa/login_asset/js/pricing-slider.js:16:16)
    at HTMLDocument.dispatch (https://tuba.com.sa/login_asset/js/jquery-3.3.1.js:2:41772)
    at y.handle (https://tuba.com.sa/login_asset/js/jquery-3.3.1.js:2:39791)
    at Object.trigger (https://tuba.com.sa/login_asset/js/jquery-3.3.1.js:2:69551)
    at e.fn.init.triggerHandler (https://tuba.com.sa/login_asset/js/jquery-3.3.1.js:2:70230)
    at HTMLDocument.<anonymous> (https://tuba.com.sa/login_asset/js/jquery-migrate-3.0.0.min.js:2:6335)
    at l (https://tuba.com.sa/login_asset/js/jquery-3.3.1.js:2:29375)
    at c (https://tuba.com.sa/login_asset/js/jquery-3.3.1.js:2:29677) undefined @ https://tuba.com.sa/login_asset/js/jquery-3.3.1.js:1
[   23764ms] TypeError: Cannot read properties of null (reading 'nodeName')
    at Object.create (https://tuba.com.sa/login_asset/js/pricing-slider.js:3:19389)
    at HTMLDocument.<anonymous> (https://tuba.com.sa/login_asset/js/pricing-slider.js:16:16)
    at HTMLDocument.dispatch (https://tuba.com.sa/login_asset/js/jquery-3.3.1.js:2:41772)
    at y.handle (https://tuba.com.sa/login_asset/js/jquery-3.3.1.js:2:39791)
    at Object.trigger (https://tuba.com.sa/login_asset/js/jquery-3.3.1.js:2:69551)
    at e.fn.init.triggerHandler (https://tuba.com.sa/login_asset/js/jquery-3.3.1.js:2:70230)
    at HTMLDocument.<anonymous> (https://tuba.com.sa/login_asset/js/jquery-migrate-3.0.0.min.js:2:6335)
    at l (https://tuba.com.sa/login_asset/js/jquery-3.3.1.js:2:29375)
    at c (https://tuba.com.sa/login_asset/js/jquery-3.3.1.js:2:29677)
[  492349ms] [LOG] JQMIGRATE: Migrate is installed, version 3.0.1 @ https://tuba.com.sa/login_asset/js/jquery-migrate-3.0.0.min.js:1
[  492444ms] TypeError: Cannot read properties of null (reading 'classList')
    at checkScroll (https://tuba.com.sa/login:1201:25)
    at HTMLDocument.<anonymous> (https://tuba.com.sa/login:1208:9)
[  492464ms] [WARNING] jQuery.Deferred exception: Cannot read properties of null (reading 'nodeName') TypeError: Cannot read properties of null (reading 'nodeName')
    at Object.create (https://tuba.com.sa/login_asset/js/pricing-slider.js:3:19389)
    at HTMLDocument.<anonymous> (https://tuba.com.sa/login_asset/js/pricing-slider.js:16:16)
    at HTMLDocument.dispatch (https://tuba.com.sa/login_asset/js/jquery-3.3.1.js:2:41772)
    at y.handle (https://tuba.com.sa/login_asset/js/jquery-3.3.1.js:2:39791)
    at Object.trigger (https://tuba.com.sa/login_asset/js/jquery-3.3.1.js:2:69551)
    at e.fn.init.triggerHandler (https://tuba.com.sa/login_asset/js/jquery-3.3.1.js:2:70230)
    at HTMLDocument.<anonymous> (https://tuba.com.sa/login_asset/js/jquery-migrate-3.0.0.min.js:2:6335)
    at l (https://tuba.com.sa/login_asset/js/jquery-3.3.1.js:2:29375)
    at c (https://tuba.com.sa/login_asset/js/jquery-3.3.1.js:2:29677) undefined @ https://tuba.com.sa/login_asset/js/jquery-3.3.1.js:1
[  492483ms] TypeError: Cannot read properties of null (reading 'nodeName')
    at Object.create (https://tuba.com.sa/login_asset/js/pricing-slider.js:3:19389)
    at HTMLDocument.<anonymous> (https://tuba.com.sa/login_asset/js/pricing-slider.js:16:16)
    at HTMLDocument.dispatch (https://tuba.com.sa/login_asset/js/jquery-3.3.1.js:2:41772)
    at y.handle (https://tuba.com.sa/login_asset/js/jquery-3.3.1.js:2:39791)
    at Object.trigger (https://tuba.com.sa/login_asset/js/jquery-3.3.1.js:2:69551)
    at e.fn.init.triggerHandler (https://tuba.com.sa/login_asset/js/jquery-3.3.1.js:2:70230)
    at HTMLDocument.<anonymous> (https://tuba.com.sa/login_asset/js/jquery-migrate-3.0.0.min.js:2:6335)
    at l (https://tuba.com.sa/login_asset/js/jquery-3.3.1.js:2:29375)
    at c (https://tuba.com.sa/login_asset/js/jquery-3.3.1.js:2:29677)
[  492527ms] [ERROR] Failed to load resource: the server responded with a status of 404 () @ https://tuba.com.sa/images/mobile-nav/dark-nav-icon.svg:0
[  514356ms] [LOG] JQMIGRATE: Migrate is installed, version 3.0.1 @ https://tuba.com.sa/login_asset/js/jquery-migrate-3.0.0.min.js:1
[  514419ms] TypeError: Cannot read properties of null (reading 'classList')
    at checkScroll (https://tuba.com.sa/otp-verify:1176:25)
    at HTMLDocument.<anonymous> (https://tuba.com.sa/otp-verify:1180:9)
[  514435ms] [WARNING] jQuery.Deferred exception: Cannot read properties of null (reading 'nodeName') TypeError: Cannot read properties of null (reading 'nodeName')
    at Object.create (https://tuba.com.sa/login_asset/js/pricing-slider.js:3:19389)
    at HTMLDocument.<anonymous> (https://tuba.com.sa/login_asset/js/pricing-slider.js:16:16)
    at HTMLDocument.dispatch (https://tuba.com.sa/login_asset/js/jquery-3.3.1.js:2:41772)
    at y.handle (https://tuba.com.sa/login_asset/js/jquery-3.3.1.js:2:39791)
    at Object.trigger (https://tuba.com.sa/login_asset/js/jquery-3.3.1.js:2:69551)
    at e.fn.init.triggerHandler (https://tuba.com.sa/login_asset/js/jquery-3.3.1.js:2:70230)
    at HTMLDocument.<anonymous> (https://tuba.com.sa/login_asset/js/jquery-migrate-3.0.0.min.js:2:6335)
    at l (https://tuba.com.sa/login_asset/js/jquery-3.3.1.js:2:29375)
    at c (https://tuba.com.sa/login_asset/js/jquery-3.3.1.js:2:29677) undefined @ https://tuba.com.sa/login_asset/js/jquery-3.3.1.js:1
[  514445ms] TypeError: Cannot read properties of null (reading 'nodeName')
    at Object.create (https://tuba.com.sa/login_asset/js/pricing-slider.js:3:19389)
    at HTMLDocument.<anonymous> (https://tuba.com.sa/login_asset/js/pricing-slider.js:16:16)
    at HTMLDocument.dispatch (https://tuba.com.sa/login_asset/js/jquery-3.3.1.js:2:41772)
    at y.handle (https://tuba.com.sa/login_asset/js/jquery-3.3.1.js:2:39791)
    at Object.trigger (https://tuba.com.sa/login_asset/js/jquery-3.3.1.js:2:69551)
    at e.fn.init.triggerHandler (https://tuba.com.sa/login_asset/js/jquery-3.3.1.js:2:70230)
    at HTMLDocument.<anonymous> (https://tuba.com.sa/login_asset/js/jquery-migrate-3.0.0.min.js:2:6335)
    at l (https://tuba.com.sa/login_asset/js/jquery-3.3.1.js:2:29375)
    at c (https://tuba.com.sa/login_asset/js/jquery-3.3.1.js:2:29677)
[  514721ms] [ERROR] Failed to load resource: the server responded with a status of 404 () @ https://tuba.com.sa/images/mobile-nav/dark-nav-icon.svg:0
[  521155ms] [LOG] JQMIGRATE: Migrate is installed, version 3.0.1 @ https://tuba.com.sa/login_asset/js/jquery-migrate-3.0.0.min.js:1
[  521785ms] [WARNING] jQuery.Deferred exception: Cannot read properties of null (reading 'nodeName') TypeError: Cannot read properties of null (reading 'nodeName')
    at Object.create (https://tuba.com.sa/login_asset/js/pricing-slider.js:3:19389)
    at HTMLDocument.<anonymous> (https://tuba.com.sa/login_asset/js/pricing-slider.js:16:16)
    at HTMLDocument.dispatch (https://tuba.com.sa/login_asset/js/jquery-3.3.1.js:2:41772)
    at y.handle (https://tuba.com.sa/login_asset/js/jquery-3.3.1.js:2:39791)
    at Object.trigger (https://tuba.com.sa/login_asset/js/jquery-3.3.1.js:2:69551)
    at e.fn.init.triggerHandler (https://tuba.com.sa/login_asset/js/jquery-3.3.1.js:2:70230)
    at HTMLDocument.<anonymous> (https://tuba.com.sa/login_asset/js/jquery-migrate-3.0.0.min.js:2:6335)
    at l (https://tuba.com.sa/login_asset/js/jquery-3.3.1.js:2:29375)
    at c (https://tuba.com.sa/login_asset/js/jquery-3.3.1.js:2:29677) undefined @ https://tuba.com.sa/login_asset/js/jquery-3.3.1.js:1
[  521803ms] TypeError: Cannot read properties of null (reading 'nodeName')
    at Object.create (https://tuba.com.sa/login_asset/js/pricing-slider.js:3:19389)
    at HTMLDocument.<anonymous> (https://tuba.com.sa/login_asset/js/pricing-slider.js:16:16)
    at HTMLDocument.dispatch (https://tuba.com.sa/login_asset/js/jquery-3.3.1.js:2:41772)
    at y.handle (https://tuba.com.sa/login_asset/js/jquery-3.3.1.js:2:39791)
    at Object.trigger (https://tuba.com.sa/login_asset/js/jquery-3.3.1.js:2:69551)
    at e.fn.init.triggerHandler (https://tuba.com.sa/login_asset/js/jquery-3.3.1.js:2:70230)
    at HTMLDocument.<anonymous> (https://tuba.com.sa/login_asset/js/jquery-migrate-3.0.0.min.js:2:6335)
    at l (https://tuba.com.sa/login_asset/js/jquery-3.3.1.js:2:29375)
    at c (https://tuba.com.sa/login_asset/js/jquery-3.3.1.js:2:29677)
[  522182ms] [LOG] #active_property_div @ https://tuba.com.sa/js/properties/index.js:39
[ 1154911ms] [LOG] JQMIGRATE: Migrate is installed, version 3.0.1 @ https://tuba.com.sa/login_asset/js/jquery-migrate-3.0.0.min.js:1
[ 1155322ms] [LOG] Customer Properties Page js2 @ https://tuba.com.sa/properties:23605
[ 1155389ms] TypeError: Cannot read properties of null (reading 'addEventListener')
    at HTMLDocument.<anonymous> (https://tuba.com.sa/properties:23885:22)
[ 1155594ms] [WARNING] jQuery.Deferred exception: Cannot read properties of null (reading 'nodeName') TypeError: Cannot read properties of null (reading 'nodeName')
    at Object.create (https://tuba.com.sa/login_asset/js/pricing-slider.js:3:19389)
    at HTMLDocument.<anonymous> (https://tuba.com.sa/login_asset/js/pricing-slider.js:16:16)
    at HTMLDocument.dispatch (https://tuba.com.sa/login_asset/js/jquery-3.3.1.js:2:41772)
    at y.handle (https://tuba.com.sa/login_asset/js/jquery-3.3.1.js:2:39791)
    at Object.trigger (https://tuba.com.sa/login_asset/js/jquery-3.3.1.js:2:69551)
    at e.fn.init.triggerHandler (https://tuba.com.sa/login_asset/js/jquery-3.3.1.js:2:70230)
    at HTMLDocument.<anonymous> (https://tuba.com.sa/login_asset/js/jquery-migrate-3.0.0.min.js:2:6335)
    at l (https://tuba.com.sa/login_asset/js/jquery-3.3.1.js:2:29375)
    at c (https://tuba.com.sa/login_asset/js/jquery-3.3.1.js:2:29677) undefined @ https://tuba.com.sa/login_asset/js/jquery-3.3.1.js:1
[ 1155849ms] TypeError: Cannot read properties of null (reading 'nodeName')
    at Object.create (https://tuba.com.sa/login_asset/js/pricing-slider.js:3:19389)
    at HTMLDocument.<anonymous> (https://tuba.com.sa/login_asset/js/pricing-slider.js:16:16)
    at HTMLDocument.dispatch (https://tuba.com.sa/login_asset/js/jquery-3.3.1.js:2:41772)
    at y.handle (https://tuba.com.sa/login_asset/js/jquery-3.3.1.js:2:39791)
    at Object.trigger (https://tuba.com.sa/login_asset/js/jquery-3.3.1.js:2:69551)
    at e.fn.init.triggerHandler (https://tuba.com.sa/login_asset/js/jquery-3.3.1.js:2:70230)
    at HTMLDocument.<anonymous> (https://tuba.com.sa/login_asset/js/jquery-migrate-3.0.0.min.js:2:6335)
    at l (https://tuba.com.sa/login_asset/js/jquery-3.3.1.js:2:29375)
    at c (https://tuba.com.sa/login_asset/js/jquery-3.3.1.js:2:29677)
[ 1156338ms] [LOG] #active_property_div @ https://tuba.com.sa/js/properties/index.js:39
[ 3069790ms] [LOG] JQMIGRATE: Migrate is installed, version 3.0.1 @ https://tuba.com.sa/login_asset/js/jquery-migrate-3.0.0.min.js:1
[ 3069943ms] [WARNING] jQuery.Deferred exception: Cannot read properties of null (reading 'nodeName') TypeError: Cannot read properties of null (reading 'nodeName')
    at Object.create (https://tuba.com.sa/login_asset/js/pricing-slider.js:3:19389)
    at HTMLDocument.<anonymous> (https://tuba.com.sa/login_asset/js/pricing-slider.js:16:16)
    at HTMLDocument.dispatch (https://tuba.com.sa/login_asset/js/jquery-3.3.1.js:2:41772)
    at y.handle (https://tuba.com.sa/login_asset/js/jquery-3.3.1.js:2:39791)
    at Object.trigger (https://tuba.com.sa/login_asset/js/jquery-3.3.1.js:2:69551)
    at e.fn.init.triggerHandler (https://tuba.com.sa/login_asset/js/jquery-3.3.1.js:2:70230)
    at HTMLDocument.<anonymous> (https://tuba.com.sa/login_asset/js/jquery-migrate-3.0.0.min.js:2:6335)
    at l (https://tuba.com.sa/login_asset/js/jquery-3.3.1.js:2:29375)
    at c (https://tuba.com.sa/login_asset/js/jquery-3.3.1.js:2:29677) undefined @ https://tuba.com.sa/login_asset/js/jquery-3.3.1.js:1
[ 3069971ms] TypeError: Cannot read properties of null (reading 'nodeName')
    at Object.create (https://tuba.com.sa/login_asset/js/pricing-slider.js:3:19389)
    at HTMLDocument.<anonymous> (https://tuba.com.sa/login_asset/js/pricing-slider.js:16:16)
    at HTMLDocument.dispatch (https://tuba.com.sa/login_asset/js/jquery-3.3.1.js:2:41772)
    at y.handle (https://tuba.com.sa/login_asset/js/jquery-3.3.1.js:2:39791)
    at Object.trigger (https://tuba.com.sa/login_asset/js/jquery-3.3.1.js:2:69551)
    at e.fn.init.triggerHandler (https://tuba.com.sa/login_asset/js/jquery-3.3.1.js:2:70230)
    at HTMLDocument.<anonymous> (https://tuba.com.sa/login_asset/js/jquery-migrate-3.0.0.min.js:2:6335)
    at l (https://tuba.com.sa/login_asset/js/jquery-3.3.1.js:2:29375)
    at c (https://tuba.com.sa/login_asset/js/jquery-3.3.1.js:2:29677)
[ 3070912ms] [LOG] #active_property_div @ https://tuba.com.sa/js/properties/index.js:39
