[     431ms] [INFO] %cDownload the React DevTools for a better development experience: https://reactjs.org/link/react-devtools font-weight:bold @ http://localhost:5173/node_modules/.vite/deps/chunk-LGZLQBMG.js?v=64bcbe31:21550
[   91327ms] [LOG] [vite] server connection lost. Polling for restart... @ http://localhost:5173/@vite/client:559
[   91388ms] [ERROR] Failed to load resource: net::ERR_NETWORK_IO_SUSPENDED @ http://localhost:5173/:0
[  186128ms] [ERROR] Failed to load resource: net::ERR_NETWORK_CHANGED @ http://localhost:5173/src/lib/featureFlags/useFeatureFlag.ts?t=1786269207890:0
[  186128ms] [ERROR] Failed to load resource: net::ERR_NETWORK_CHANGED @ http://localhost:5173/src/components/feedback/NoPermissionState.tsx?t=1786269861666:0
[  186128ms] [ERROR] Failed to load resource: net::ERR_NETWORK_CHANGED @ http://localhost:5173/src/lib/permissions/roles.ts:0
[  186128ms] [ERROR] Failed to load resource: net::ERR_NETWORK_CHANGED @ http://localhost:5173/src/components/ui/Spinner.tsx:0
[  186128ms] [ERROR] Failed to load resource: net::ERR_NETWORK_CHANGED @ http://localhost:5173/src/layouts/AppShell/RailNav.tsx?t=1786269861666:0
[  186128ms] [ERROR] Failed to load resource: net::ERR_NETWORK_CHANGED @ http://localhost:5173/src/layouts/AppShell/TopBar.tsx?t=1786269861666:0
[  186128ms] [ERROR] Failed to load resource: net::ERR_NETWORK_CHANGED @ http://localhost:5173/src/layouts/AppShell/MobileTabBar.tsx?t=1786269861666:0
[  186128ms] [ERROR] Failed to load resource: net::ERR_NETWORK_CHANGED @ http://localhost:5173/src/components/navigation/CommandPalette.tsx?t=1786269861666:0
[  186128ms] [ERROR] Failed to load resource: net::ERR_NETWORK_CHANGED @ http://localhost:5173/src/components/navigation/QuickActionsPanel.tsx?t=1786269861666:0
[  186128ms] [ERROR] Failed to load resource: net::ERR_NETWORK_CHANGED @ http://localhost:5173/src/components/feedback/ToastViewport.tsx:0
[  186130ms] [ERROR] Failed to load resource: net::ERR_NETWORK_CHANGED @ http://localhost:5173/src/components/ui/Skeleton.tsx:0
[  186130ms] [ERROR] Failed to load resource: net::ERR_NETWORK_CHANGED @ http://localhost:5173/src/layouts/ConsoleShell/ConsoleNav.tsx?t=1786269785760:0
[  186130ms] [ERROR] Failed to load resource: net::ERR_NETWORK_CHANGED @ http://localhost:5173/src/layouts/ConsoleShell/ConsoleTopBar.tsx?t=1786269207890:0
[  186130ms] [ERROR] Failed to load resource: net::ERR_NETWORK_CHANGED @ http://localhost:5173/src/lib/auth/personas.ts?t=1786269207890:0
[  186130ms] [ERROR] Failed to load resource: net::ERR_NETWORK_CHANGED @ http://localhost:5173/src/lib/i18n/useTranslation.ts?t=1786269861666:0
[  186130ms] [ERROR] Failed to load resource: net::ERR_NETWORK_CHANGED @ http://localhost:5173/src/components/brand/TubaLogo.tsx?t=1786269861666:0
[  186130ms] [ERROR] Failed to load resource: net::ERR_NETWORK_CHANGED @ http://localhost:5173/src/lib/cn.ts:0
[  186130ms] [ERROR] Failed to load resource: net::ERR_NETWORK_CHANGED @ http://localhost:5173/src/registry/modules/moduleRegistry.ts:0
[  186131ms] [ERROR] Failed to load resource: net::ERR_NETWORK_CHANGED @ http://localhost:5173/src/components/ui/Badge.tsx:0
[  186131ms] [ERROR] Failed to load resource: net::ERR_NETWORK_CHANGED @ http://localhost:5173/src/components/feedback/EmptyState.tsx:0
[  186131ms] [ERROR] Failed to load resource: net::ERR_NETWORK_CHANGED @ http://localhost:5173/src/components/ai/ExplainabilityPopover.tsx?t=1786222923503:0
[  186131ms] [ERROR] Failed to load resource: net::ERR_NETWORK_CHANGED @ http://localhost:5173/src/lib/leads/useLeads.ts?t=1786269601716:0
[  186131ms] [ERROR] Failed to load resource: net::ERR_NETWORK_CHANGED @ http://localhost:5173/src/lib/leads/useLeadLookups.ts?t=1786269601716:0
[  186131ms] [ERROR] Failed to load resource: net::ERR_NETWORK_CHANGED @ http://localhost:5173/src/lib/leads/useLeadMutations.ts?t=1786269601716:0
[  186131ms] [ERROR] Failed to load resource: net::ERR_NETWORK_CHANGED @ http://localhost:5173/src/components/patterns/data-table/DataTable.tsx:0
[  186131ms] [ERROR] Failed to load resource: net::ERR_NETWORK_CHANGED @ http://localhost:5173/src/components/patterns/layout/PageHeader.tsx:0
[  186131ms] [ERROR] Failed to load resource: net::ERR_NETWORK_CHANGED @ http://localhost:5173/src/components/feedback/ErrorState.tsx:0
[  186131ms] [ERROR] Failed to load resource: net::ERR_NETWORK_CHANGED @ http://localhost:5173/src/components/tbos/lead/LeadStageBadge.tsx?t=1786269861666:0
[  186131ms] [ERROR] Failed to load resource: net::ERR_NETWORK_CHANGED @ http://localhost:5173/src/components/tbos/lead/SlaTimer.tsx:0
[  186132ms] [ERROR] Failed to load resource: net::ERR_NETWORK_CHANGED @ http://localhost:5173/src/components/patterns/feedback/BulkActionBar.tsx?t=1786162324031:0
[  186132ms] [ERROR] Failed to load resource: net::ERR_NETWORK_CHANGED @ http://localhost:5173/src/components/ui/Dropdown.tsx?t=1786222923503:0
[  186132ms] [ERROR] Failed to load resource: net::ERR_NETWORK_CHANGED @ http://localhost:5173/src/components/tbos/permissions/PermissionGate.tsx?t=1786269207890:0
[  186132ms] [ERROR] Failed to load resource: net::ERR_NETWORK_CHANGED @ http://localhost:5173/src/features/leads/leadFormat.ts?t=1786221071496:0
[  186132ms] [ERROR] Failed to load resource: net::ERR_NETWORK_CHANGED @ http://localhost:5173/src/lib/i18n/formatCount.ts?t=1786162373392:0
[  186132ms] [ERROR] Failed to load resource: net::ERR_NETWORK_CHANGED @ http://localhost:5173/src/components/patterns/kanban/KanbanBoard.tsx?t=1786222923503:0
[  186132ms] [ERROR] Failed to load resource: net::ERR_NETWORK_CHANGED @ http://localhost:5173/src/components/tbos/entity/EntityAvatar.tsx:0
[  186132ms] [ERROR] Failed to load resource: net::ERR_NETWORK_CHANGED @ http://localhost:5173/src/components/patterns/filters/FilterBar.tsx?t=1786162259394:0
[  186132ms] [ERROR] Failed to load resource: net::ERR_NETWORK_CHANGED @ http://localhost:5173/src/registry/screens/validateRegistry.ts?t=1786269785760:0
[  186132ms] [ERROR] Failed to load resource: net::ERR_NETWORK_CHANGED @ http://localhost:5173/src/registry/components/validateComponentRegistry.ts?t=1786269785760:0
[  186133ms] [ERROR] Failed to load resource: net::ERR_NETWORK_CHANGED @ http://localhost:5173/src/lib/notifications/useNotifications.ts?t=1786269601716:0
[  186133ms] [ERROR] Failed to load resource: net::ERR_NETWORK_CHANGED @ http://localhost:5173/src/components/tbos/notifications/NotificationItem.tsx:0
[  186133ms] [ERROR] Failed to load resource: net::ERR_NETWORK_CHANGED @ http://localhost:5173/src/lib/today/useToday.ts?t=1786269601716:0
[  186133ms] [ERROR] Failed to load resource: net::ERR_NETWORK_CHANGED @ http://localhost:5173/src/components/tbos/ai/RecommendationCard.tsx?t=1786222923503:0
[  186133ms] [ERROR] Failed to load resource: net::ERR_NETWORK_CHANGED @ http://localhost:5173/src/lib/properties/useProperties.ts?t=1786269601716:0
[  186133ms] [ERROR] Failed to load resource: net::ERR_NETWORK_CHANGED @ http://localhost:5173/src/lib/properties/usePropertyLookups.ts?t=1786269601716:0
[  186133ms] [ERROR] Failed to load resource: net::ERR_NETWORK_CHANGED @ http://localhost:5173/src/components/patterns/feedback/ConfirmationDialog.tsx?t=1786222923503:0
[  186133ms] [ERROR] Failed to load resource: net::ERR_NETWORK_CHANGED @ http://localhost:5173/src/components/tbos/status/PropertyStatusBadge.tsx?t=1786269861666:0
[  186133ms] [ERROR] Failed to load resource: net::ERR_NETWORK_CHANGED @ http://localhost:5173/src/components/ui/Select.tsx:0
[  186133ms] [ERROR] Failed to load resource: net::ERR_NETWORK_CHANGED @ http://localhost:5173/src/features/properties/propertyFormat.ts?t=1786212386048:0
[  186133ms] [ERROR] Failed to load resource: net::ERR_NETWORK_CHANGED @ http://localhost:5173/src/mocks/api/db.ts?t=1786269601716:0
[  186133ms] [ERROR] Failed to load resource: net::ERR_NETWORK_CHANGED @ http://localhost:5173/src/lib/leads/useLead.ts?t=1786269601716:0
[  186134ms] [ERROR] Failed to load resource: net::ERR_NETWORK_CHANGED @ http://localhost:5173/src/components/patterns/entity-detail/EntityDetailHeader.tsx?t=1786219269871:0
[  186134ms] [ERROR] Failed to load resource: net::ERR_NETWORK_CHANGED @ http://localhost:5173/src/components/tbos/data/MetricWithExplanation.tsx?t=1786222923503:0
[  186135ms] [ERROR] Failed to load resource: net::ERR_NETWORK_CHANGED @ http://localhost:5173/src/components/tbos/activity/ActivityTimeline.tsx:0
[  186135ms] [ERROR] Failed to load resource: net::ERR_NETWORK_CHANGED @ http://localhost:5173/src/components/ui/Drawer.tsx?t=1786222923503:0
[  186135ms] [ERROR] Failed to load resource: net::ERR_NETWORK_CHANGED @ http://localhost:5173/src/components/ui/Field.tsx:0
[  186135ms] [ERROR] Failed to load resource: net::ERR_NETWORK_CHANGED @ http://localhost:5173/src/components/ui/Textarea.tsx:0
[  186135ms] [ERROR] Failed to load resource: net::ERR_NETWORK_CHANGED @ http://localhost:5173/src/components/ui/Input.tsx:0
[  186135ms] [ERROR] Failed to load resource: net::ERR_NETWORK_CHANGED @ http://localhost:5173/src/components/ui/Tooltip.tsx:0
[  186135ms] [ERROR] Failed to load resource: net::ERR_NETWORK_CHANGED @ http://localhost:5173/src/registry/components/componentRegistry.ts?t=1786161704868:0
[  186135ms] [ERROR] Failed to load resource: net::ERR_NETWORK_CHANGED @ http://localhost:5173/src/components/ui/IconButton.tsx:0
[  186136ms] [ERROR] Failed to load resource: net::ERR_NETWORK_CHANGED @ http://localhost:5173/src/components/ui/Switch.tsx:0
[  186136ms] [ERROR] Failed to load resource: net::ERR_NETWORK_CHANGED @ http://localhost:5173/src/components/ui/Checkbox.tsx:0
[  186136ms] [ERROR] Failed to load resource: net::ERR_NETWORK_CHANGED @ http://localhost:5173/src/components/ui/Radio.tsx:0
[  186136ms] [ERROR] Failed to load resource: net::ERR_NETWORK_CHANGED @ http://localhost:5173/src/components/ui/Avatar.tsx:0
[  186136ms] [ERROR] Failed to load resource: net::ERR_NETWORK_CHANGED @ http://localhost:5173/src/components/ui/Divider.tsx:0
[  186136ms] [ERROR] Failed to load resource: net::ERR_NETWORK_CHANGED @ http://localhost:5173/src/components/ui/Progress.tsx:0
[  186136ms] [ERROR] Failed to load resource: net::ERR_NETWORK_CHANGED @ http://localhost:5173/src/components/ui/Popover.tsx?t=1786222923503:0
[  186136ms] [ERROR] Failed to load resource: net::ERR_NETWORK_CHANGED @ http://localhost:5173/src/components/ui/Dialog.tsx?t=1786222923503:0
[  186136ms] [ERROR] Failed to load resource: net::ERR_NETWORK_CHANGED @ http://localhost:5173/src/components/ui/Tabs.tsx:0
[  186136ms] [ERROR] Failed to load resource: net::ERR_NETWORK_CHANGED @ http://localhost:5173/src/components/ui/Alert.tsx:0
[  186136ms] [ERROR] Failed to load resource: net::ERR_NETWORK_CHANGED @ http://localhost:5173/src/components/tbos/status/StatusBadge.tsx:0
[  186137ms] [ERROR] Failed to load resource: net::ERR_NETWORK_CHANGED @ http://localhost:5173/src/components/tbos/data/MetricCard.tsx:0
