[     573ms] [INFO] %cDownload the React DevTools for a better development experience: https://reactjs.org/link/react-devtools font-weight:bold @ http://localhost:5173/node_modules/.vite/deps/chunk-LGZLQBMG.js?v=64bcbe31:21550
[  110007ms] [INFO] %cDownload the React DevTools for a better development experience: https://reactjs.org/link/react-devtools font-weight:bold @ http://localhost:5173/node_modules/.vite/deps/chunk-LGZLQBMG.js?v=64bcbe31:21550
[ 4414542ms] [INFO] %cDownload the React DevTools for a better development experience: https://reactjs.org/link/react-devtools font-weight:bold @ http://localhost:5173/node_modules/.vite/deps/chunk-LGZLQBMG.js?v=64bcbe31:21550
[ 4423767ms] [INFO] %cDownload the React DevTools for a better development experience: https://reactjs.org/link/react-devtools font-weight:bold @ http://localhost:5173/node_modules/.vite/deps/chunk-LGZLQBMG.js?v=64bcbe31:21550
[ 4438441ms] [INFO] %cDownload the React DevTools for a better development experience: https://reactjs.org/link/react-devtools font-weight:bold @ http://localhost:5173/node_modules/.vite/deps/chunk-LGZLQBMG.js?v=64bcbe31:21550
[ 4454027ms] [INFO] %cDownload the React DevTools for a better development experience: https://reactjs.org/link/react-devtools font-weight:bold @ http://localhost:5173/node_modules/.vite/deps/chunk-LGZLQBMG.js?v=64bcbe31:21550
[ 4564755ms] Error: useAuth must be used within <AuthProvider>
    at useAuth (http://localhost:5173/src/lib/auth/AuthProvider.tsx?t=1786271517534:56:19)
    at AiProvider (http://localhost:5173/src/lib/ai/AiProvider.tsx?t=1786271517534:24:20)
    at renderWithHooks (http://localhost:5173/node_modules/.vite/deps/chunk-LGZLQBMG.js?v=64bcbe31:11548:26)
    at mountIndeterminateComponent (http://localhost:5173/node_modules/.vite/deps/chunk-LGZLQBMG.js?v=64bcbe31:14926:21)
    at beginWork (http://localhost:5173/node_modules/.vite/deps/chunk-LGZLQBMG.js?v=64bcbe31:15914:22)
    at HTMLUnknownElement.callCallback2 (http://localhost:5173/node_modules/.vite/deps/chunk-LGZLQBMG.js?v=64bcbe31:3674:22)
    at Object.invokeGuardedCallbackDev (http://localhost:5173/node_modules/.vite/deps/chunk-LGZLQBMG.js?v=64bcbe31:3699:24)
    at invokeGuardedCallback (http://localhost:5173/node_modules/.vite/deps/chunk-LGZLQBMG.js?v=64bcbe31:3733:39)
    at beginWork$1 (http://localhost:5173/node_modules/.vite/deps/chunk-LGZLQBMG.js?v=64bcbe31:19765:15)
    at performUnitOfWork (http://localhost:5173/node_modules/.vite/deps/chunk-LGZLQBMG.js?v=64bcbe31:19198:20)
[ 4564762ms] Error: useAuth must be used within <AuthProvider>
    at useAuth (http://localhost:5173/src/lib/auth/AuthProvider.tsx?t=1786271517534:56:19)
    at AiProvider (http://localhost:5173/src/lib/ai/AiProvider.tsx?t=1786271517534:24:20)
    at renderWithHooks (http://localhost:5173/node_modules/.vite/deps/chunk-LGZLQBMG.js?v=64bcbe31:11548:26)
    at mountIndeterminateComponent (http://localhost:5173/node_modules/.vite/deps/chunk-LGZLQBMG.js?v=64bcbe31:14926:21)
    at beginWork (http://localhost:5173/node_modules/.vite/deps/chunk-LGZLQBMG.js?v=64bcbe31:15914:22)
    at HTMLUnknownElement.callCallback2 (http://localhost:5173/node_modules/.vite/deps/chunk-LGZLQBMG.js?v=64bcbe31:3674:22)
    at Object.invokeGuardedCallbackDev (http://localhost:5173/node_modules/.vite/deps/chunk-LGZLQBMG.js?v=64bcbe31:3699:24)
    at invokeGuardedCallback (http://localhost:5173/node_modules/.vite/deps/chunk-LGZLQBMG.js?v=64bcbe31:3733:39)
    at beginWork$1 (http://localhost:5173/node_modules/.vite/deps/chunk-LGZLQBMG.js?v=64bcbe31:19765:15)
    at performUnitOfWork (http://localhost:5173/node_modules/.vite/deps/chunk-LGZLQBMG.js?v=64bcbe31:19198:20)
[ 4564764ms] [ERROR] The above error occurred in the <AiProvider> component:

    at AiProvider (http://localhost:5173/src/lib/ai/AiProvider.tsx?t=1786271517534:22:30)
    at PermissionProvider (http://localhost:5173/src/lib/permissions/PermissionProvider.tsx?t=1786269785760:21:38)
    at AuthProvider (http://localhost:5173/src/lib/auth/AuthProvider.tsx?t=1786276712368:21:32)
    at Router (http://localhost:5173/node_modules/.vite/deps/react-router-dom.js?v=64bcbe31:7543:13)
    at BrowserRouter (http://localhost:5173/node_modules/.vite/deps/react-router-dom.js?v=64bcbe31:10859:3)
    at LocaleProvider (http://localhost:5173/src/app/providers/LocaleProvider.tsx:20:34)
    at ThemeProvider (http://localhost:5173/src/app/providers/ThemeProvider.tsx:20:33)
    at QueryClientProvider (http://localhost:5173/node_modules/.vite/deps/@tanstack_react-query.js?v=64bcbe31:3253:3)
    at ErrorBoundary (http://localhost:5173/src/components/feedback/ErrorBoundary.tsx:8:8)
    at AppProviders (http://localhost:5173/src/app/providers/AppProviders.tsx?t=1786271517534:26:32)
    at App

React will try to recreate this component tree from scratch using the error boundary you provided, ErrorBoundary. @ http://localhost:5173/node_modules/.vite/deps/chunk-LGZLQBMG.js?v=64bcbe31:14031
[ 4564765ms] [ERROR] [TBOS:error] Unhandled render error {message: useAuth must be used within <AuthProvider>, componentStack: 
    at AiProvider (http://localhost:5173/src/lib/…ppProviders.tsx?t=1786271517534:26:32)
    at App} @ http://localhost:5173/src/lib/logging/logger.ts:4
[ 4564954ms] Error: useAuth must be used within <AuthProvider>
    at useAuth (http://localhost:5173/src/lib/auth/AuthProvider.tsx?t=1786271517534:56:19)
    at useContracts (http://localhost:5173/src/lib/contracts/useContracts.ts?t=1786271517534:5:20)
    at ContractsListScreen (http://localhost:5173/@fs/C:/Users/YOUNES/Laravel%20projects/tuba_v2/tbos-frontend/src/features/contracts/ContractsListScreen.tsx?t=1786276712368:38:43)
    at renderWithHooks (http://localhost:5173/node_modules/.vite/deps/chunk-LGZLQBMG.js?v=64bcbe31:11548:26)
    at mountIndeterminateComponent (http://localhost:5173/node_modules/.vite/deps/chunk-LGZLQBMG.js?v=64bcbe31:14926:21)
    at beginWork (http://localhost:5173/node_modules/.vite/deps/chunk-LGZLQBMG.js?v=64bcbe31:15914:22)
    at HTMLUnknownElement.callCallback2 (http://localhost:5173/node_modules/.vite/deps/chunk-LGZLQBMG.js?v=64bcbe31:3674:22)
    at Object.invokeGuardedCallbackDev (http://localhost:5173/node_modules/.vite/deps/chunk-LGZLQBMG.js?v=64bcbe31:3699:24)
    at invokeGuardedCallback (http://localhost:5173/node_modules/.vite/deps/chunk-LGZLQBMG.js?v=64bcbe31:3733:39)
    at beginWork$1 (http://localhost:5173/node_modules/.vite/deps/chunk-LGZLQBMG.js?v=64bcbe31:19765:15)
[ 4564982ms] Error: useAuth must be used within <AuthProvider>
    at useAuth (http://localhost:5173/src/lib/auth/AuthProvider.tsx?t=1786271517534:56:19)
    at useContracts (http://localhost:5173/src/lib/contracts/useContracts.ts?t=1786271517534:5:20)
    at ContractsListScreen (http://localhost:5173/@fs/C:/Users/YOUNES/Laravel%20projects/tuba_v2/tbos-frontend/src/features/contracts/ContractsListScreen.tsx?t=1786276712368:38:43)
    at renderWithHooks (http://localhost:5173/node_modules/.vite/deps/chunk-LGZLQBMG.js?v=64bcbe31:11548:26)
    at mountIndeterminateComponent (http://localhost:5173/node_modules/.vite/deps/chunk-LGZLQBMG.js?v=64bcbe31:14926:21)
    at beginWork (http://localhost:5173/node_modules/.vite/deps/chunk-LGZLQBMG.js?v=64bcbe31:15914:22)
    at HTMLUnknownElement.callCallback2 (http://localhost:5173/node_modules/.vite/deps/chunk-LGZLQBMG.js?v=64bcbe31:3674:22)
    at Object.invokeGuardedCallbackDev (http://localhost:5173/node_modules/.vite/deps/chunk-LGZLQBMG.js?v=64bcbe31:3699:24)
    at invokeGuardedCallback (http://localhost:5173/node_modules/.vite/deps/chunk-LGZLQBMG.js?v=64bcbe31:3733:39)
    at beginWork$1 (http://localhost:5173/node_modules/.vite/deps/chunk-LGZLQBMG.js?v=64bcbe31:19765:15)
[ 4564985ms] [ERROR] The above error occurred in the <ContractsListScreen> component:

    at ContractsListScreen (http://localhost:5173/@fs/C:/Users/YOUNES/Laravel%20projects/tuba_v2/tbos-frontend/src/features/contracts/ContractsListScreen.tsx?t=1786276712368:38:43)
    at RouteGuard (http://localhost:5173/src/app/guards/RouteGuard.tsx?t=1786276712368:21:30)
    at RenderedRoute (http://localhost:5173/node_modules/.vite/deps/react-router-dom.js?v=64bcbe31:6669:26)
    at Outlet (http://localhost:5173/node_modules/.vite/deps/react-router-dom.js?v=64bcbe31:7534:26)
    at Suspense
    at main
    at div
    at div
    at AppShell
    at BrokerAuthGuard (http://localhost:5173/src/app/guards/BrokerAuthGuard.tsx?t=1786276712368:22:35)
    at RenderedRoute (http://localhost:5173/node_modules/.vite/deps/react-router-dom.js?v=64bcbe31:6669:26)
    at Routes (http://localhost:5173/node_modules/.vite/deps/react-router-dom.js?v=64bcbe31:7604:3)
    at AppRouter
    at AiProvider (http://localhost:5173/src/lib/ai/AiProvider.tsx?t=1786276712368:22:30)
    at PermissionProvider (http://localhost:5173/src/lib/permissions/PermissionProvider.tsx?t=1786269785760:21:38)
    at AuthProvider (http://localhost:5173/src/lib/auth/AuthProvider.tsx?t=1786276712368:21:32)
    at Router (http://localhost:5173/node_modules/.vite/deps/react-router-dom.js?v=64bcbe31:7543:13)
    at BrowserRouter (http://localhost:5173/node_modules/.vite/deps/react-router-dom.js?v=64bcbe31:10859:3)
    at LocaleProvider (http://localhost:5173/src/app/providers/LocaleProvider.tsx:20:34)
    at ThemeProvider (http://localhost:5173/src/app/providers/ThemeProvider.tsx:20:33)
    at QueryClientProvider (http://localhost:5173/node_modules/.vite/deps/@tanstack_react-query.js?v=64bcbe31:3253:3)
    at ErrorBoundary (http://localhost:5173/src/components/feedback/ErrorBoundary.tsx:8:8)
    at AppProviders (http://localhost:5173/src/app/providers/AppProviders.tsx?t=1786276712368:26:32)
    at App

React will try to recreate this component tree from scratch using the error boundary you provided, ErrorBoundary. @ http://localhost:5173/node_modules/.vite/deps/chunk-LGZLQBMG.js?v=64bcbe31:14031
[ 4564985ms] [ERROR] [TBOS:error] Unhandled render error {message: useAuth must be used within <AuthProvider>, componentStack: 
    at ContractsListScreen (http://localhost:5173…ppProviders.tsx?t=1786276712368:26:32)
    at App} @ http://localhost:5173/src/lib/logging/logger.ts:4
[ 4565022ms] Error: useAuth must be used within <AuthProvider>
    at useAuth (http://localhost:5173/src/lib/auth/AuthProvider.tsx?t=1786271517534:56:19)
    at useContracts (http://localhost:5173/src/lib/contracts/useContracts.ts?t=1786271517534:5:20)
    at ContractsListScreen (http://localhost:5173/@fs/C:/Users/YOUNES/Laravel%20projects/tuba_v2/tbos-frontend/src/features/contracts/ContractsListScreen.tsx?t=1786276712368:38:43)
    at renderWithHooks (http://localhost:5173/node_modules/.vite/deps/chunk-LGZLQBMG.js?v=64bcbe31:11548:26)
    at mountIndeterminateComponent (http://localhost:5173/node_modules/.vite/deps/chunk-LGZLQBMG.js?v=64bcbe31:14926:21)
    at beginWork (http://localhost:5173/node_modules/.vite/deps/chunk-LGZLQBMG.js?v=64bcbe31:15914:22)
    at HTMLUnknownElement.callCallback2 (http://localhost:5173/node_modules/.vite/deps/chunk-LGZLQBMG.js?v=64bcbe31:3674:22)
    at Object.invokeGuardedCallbackDev (http://localhost:5173/node_modules/.vite/deps/chunk-LGZLQBMG.js?v=64bcbe31:3699:24)
    at invokeGuardedCallback (http://localhost:5173/node_modules/.vite/deps/chunk-LGZLQBMG.js?v=64bcbe31:3733:39)
    at beginWork$1 (http://localhost:5173/node_modules/.vite/deps/chunk-LGZLQBMG.js?v=64bcbe31:19765:15)
[ 4565037ms] Error: useAuth must be used within <AuthProvider>
    at useAuth (http://localhost:5173/src/lib/auth/AuthProvider.tsx?t=1786271517534:56:19)
    at useContracts (http://localhost:5173/src/lib/contracts/useContracts.ts?t=1786271517534:5:20)
    at ContractsListScreen (http://localhost:5173/@fs/C:/Users/YOUNES/Laravel%20projects/tuba_v2/tbos-frontend/src/features/contracts/ContractsListScreen.tsx?t=1786276712368:38:43)
    at renderWithHooks (http://localhost:5173/node_modules/.vite/deps/chunk-LGZLQBMG.js?v=64bcbe31:11548:26)
    at mountIndeterminateComponent (http://localhost:5173/node_modules/.vite/deps/chunk-LGZLQBMG.js?v=64bcbe31:14926:21)
    at beginWork (http://localhost:5173/node_modules/.vite/deps/chunk-LGZLQBMG.js?v=64bcbe31:15914:22)
    at HTMLUnknownElement.callCallback2 (http://localhost:5173/node_modules/.vite/deps/chunk-LGZLQBMG.js?v=64bcbe31:3674:22)
    at Object.invokeGuardedCallbackDev (http://localhost:5173/node_modules/.vite/deps/chunk-LGZLQBMG.js?v=64bcbe31:3699:24)
    at invokeGuardedCallback (http://localhost:5173/node_modules/.vite/deps/chunk-LGZLQBMG.js?v=64bcbe31:3733:39)
    at beginWork$1 (http://localhost:5173/node_modules/.vite/deps/chunk-LGZLQBMG.js?v=64bcbe31:19765:15)
[ 4565039ms] [ERROR] The above error occurred in the <ContractsListScreen> component:

    at ContractsListScreen (http://localhost:5173/@fs/C:/Users/YOUNES/Laravel%20projects/tuba_v2/tbos-frontend/src/features/contracts/ContractsListScreen.tsx?t=1786276712368:38:43)
    at RouteGuard (http://localhost:5173/src/app/guards/RouteGuard.tsx?t=1786276712368:21:30)
    at RenderedRoute (http://localhost:5173/node_modules/.vite/deps/react-router-dom.js?v=64bcbe31:6669:26)
    at Outlet (http://localhost:5173/node_modules/.vite/deps/react-router-dom.js?v=64bcbe31:7534:26)
    at Suspense
    at main
    at div
    at div
    at AppShell
    at BrokerAuthGuard (http://localhost:5173/src/app/guards/BrokerAuthGuard.tsx?t=1786276712368:22:35)
    at RenderedRoute (http://localhost:5173/node_modules/.vite/deps/react-router-dom.js?v=64bcbe31:6669:26)
    at Routes (http://localhost:5173/node_modules/.vite/deps/react-router-dom.js?v=64bcbe31:7604:3)
    at AppRouter
    at AiProvider (http://localhost:5173/src/lib/ai/AiProvider.tsx?t=1786276712368:22:30)
    at PermissionProvider (http://localhost:5173/src/lib/permissions/PermissionProvider.tsx?t=1786269785760:21:38)
    at AuthProvider (http://localhost:5173/src/lib/auth/AuthProvider.tsx?t=1786276712368:21:32)
    at Router (http://localhost:5173/node_modules/.vite/deps/react-router-dom.js?v=64bcbe31:7543:13)
    at BrowserRouter (http://localhost:5173/node_modules/.vite/deps/react-router-dom.js?v=64bcbe31:10859:3)
    at LocaleProvider (http://localhost:5173/src/app/providers/LocaleProvider.tsx:20:34)
    at ThemeProvider (http://localhost:5173/src/app/providers/ThemeProvider.tsx:20:33)
    at QueryClientProvider (http://localhost:5173/node_modules/.vite/deps/@tanstack_react-query.js?v=64bcbe31:3253:3)
    at ErrorBoundary (http://localhost:5173/src/components/feedback/ErrorBoundary.tsx:8:8)
    at AppProviders (http://localhost:5173/src/app/providers/AppProviders.tsx?t=1786276712368:26:32)
    at App

React will try to recreate this component tree from scratch using the error boundary you provided, ErrorBoundary. @ http://localhost:5173/node_modules/.vite/deps/chunk-LGZLQBMG.js?v=64bcbe31:14031
[ 4565039ms] [ERROR] [TBOS:error] Unhandled render error {message: useAuth must be used within <AuthProvider>, componentStack: 
    at ContractsListScreen (http://localhost:5173…ppProviders.tsx?t=1786276712368:26:32)
    at App} @ http://localhost:5173/src/lib/logging/logger.ts:4
[ 4586722ms] Error: useAuth must be used within <AuthProvider>
    at useAuth (http://localhost:5173/src/lib/auth/AuthProvider.tsx?t=1786276712368:56:19)
    at AiProvider (http://localhost:5173/src/lib/ai/AiProvider.tsx?t=1786276712368:24:20)
    at renderWithHooks (http://localhost:5173/node_modules/.vite/deps/chunk-LGZLQBMG.js?v=64bcbe31:11548:26)
    at mountIndeterminateComponent (http://localhost:5173/node_modules/.vite/deps/chunk-LGZLQBMG.js?v=64bcbe31:14926:21)
    at beginWork (http://localhost:5173/node_modules/.vite/deps/chunk-LGZLQBMG.js?v=64bcbe31:15914:22)
    at HTMLUnknownElement.callCallback2 (http://localhost:5173/node_modules/.vite/deps/chunk-LGZLQBMG.js?v=64bcbe31:3674:22)
    at Object.invokeGuardedCallbackDev (http://localhost:5173/node_modules/.vite/deps/chunk-LGZLQBMG.js?v=64bcbe31:3699:24)
    at invokeGuardedCallback (http://localhost:5173/node_modules/.vite/deps/chunk-LGZLQBMG.js?v=64bcbe31:3733:39)
    at beginWork$1 (http://localhost:5173/node_modules/.vite/deps/chunk-LGZLQBMG.js?v=64bcbe31:19765:15)
    at performUnitOfWork (http://localhost:5173/node_modules/.vite/deps/chunk-LGZLQBMG.js?v=64bcbe31:19198:20)
[ 4586723ms] Error: useAuth must be used within <AuthProvider>
    at useAuth (http://localhost:5173/src/lib/auth/AuthProvider.tsx?t=1786276712368:56:19)
    at AiProvider (http://localhost:5173/src/lib/ai/AiProvider.tsx?t=1786276712368:24:20)
    at renderWithHooks (http://localhost:5173/node_modules/.vite/deps/chunk-LGZLQBMG.js?v=64bcbe31:11548:26)
    at mountIndeterminateComponent (http://localhost:5173/node_modules/.vite/deps/chunk-LGZLQBMG.js?v=64bcbe31:14926:21)
    at beginWork (http://localhost:5173/node_modules/.vite/deps/chunk-LGZLQBMG.js?v=64bcbe31:15914:22)
    at HTMLUnknownElement.callCallback2 (http://localhost:5173/node_modules/.vite/deps/chunk-LGZLQBMG.js?v=64bcbe31:3674:22)
    at Object.invokeGuardedCallbackDev (http://localhost:5173/node_modules/.vite/deps/chunk-LGZLQBMG.js?v=64bcbe31:3699:24)
    at invokeGuardedCallback (http://localhost:5173/node_modules/.vite/deps/chunk-LGZLQBMG.js?v=64bcbe31:3733:39)
    at beginWork$1 (http://localhost:5173/node_modules/.vite/deps/chunk-LGZLQBMG.js?v=64bcbe31:19765:15)
    at performUnitOfWork (http://localhost:5173/node_modules/.vite/deps/chunk-LGZLQBMG.js?v=64bcbe31:19198:20)
[ 4586727ms] [ERROR] The above error occurred in the <AiProvider> component:

    at AiProvider (http://localhost:5173/src/lib/ai/AiProvider.tsx?t=1786276712368:22:30)
    at PermissionProvider (http://localhost:5173/src/lib/permissions/PermissionProvider.tsx?t=1786269785760:21:38)
    at AuthProvider (http://localhost:5173/src/lib/auth/AuthProvider.tsx?t=1786276733758:21:32)
    at Router (http://localhost:5173/node_modules/.vite/deps/react-router-dom.js?v=64bcbe31:7543:13)
    at BrowserRouter (http://localhost:5173/node_modules/.vite/deps/react-router-dom.js?v=64bcbe31:10859:3)
    at LocaleProvider (http://localhost:5173/src/app/providers/LocaleProvider.tsx:20:34)
    at ThemeProvider (http://localhost:5173/src/app/providers/ThemeProvider.tsx:20:33)
    at QueryClientProvider (http://localhost:5173/node_modules/.vite/deps/@tanstack_react-query.js?v=64bcbe31:3253:3)
    at ErrorBoundary (http://localhost:5173/src/components/feedback/ErrorBoundary.tsx:8:8)
    at AppProviders (http://localhost:5173/src/app/providers/AppProviders.tsx?t=1786276712368:26:32)
    at App

React will try to recreate this component tree from scratch using the error boundary you provided, ErrorBoundary. @ http://localhost:5173/node_modules/.vite/deps/chunk-LGZLQBMG.js?v=64bcbe31:14031
[ 4586728ms] [ERROR] [TBOS:error] Unhandled render error {message: useAuth must be used within <AuthProvider>, componentStack: 
    at AiProvider (http://localhost:5173/src/lib/…ppProviders.tsx?t=1786276712368:26:32)
    at App} @ http://localhost:5173/src/lib/logging/logger.ts:4
[ 4603881ms] Error: useAuth must be used within <AuthProvider>
    at useAuth (http://localhost:5173/src/lib/auth/AuthProvider.tsx?t=1786276733758:56:19)
    at AiProvider (http://localhost:5173/src/lib/ai/AiProvider.tsx?t=1786276733758:24:20)
    at renderWithHooks (http://localhost:5173/node_modules/.vite/deps/chunk-LGZLQBMG.js?v=64bcbe31:11548:26)
    at mountIndeterminateComponent (http://localhost:5173/node_modules/.vite/deps/chunk-LGZLQBMG.js?v=64bcbe31:14926:21)
    at beginWork (http://localhost:5173/node_modules/.vite/deps/chunk-LGZLQBMG.js?v=64bcbe31:15914:22)
    at HTMLUnknownElement.callCallback2 (http://localhost:5173/node_modules/.vite/deps/chunk-LGZLQBMG.js?v=64bcbe31:3674:22)
    at Object.invokeGuardedCallbackDev (http://localhost:5173/node_modules/.vite/deps/chunk-LGZLQBMG.js?v=64bcbe31:3699:24)
    at invokeGuardedCallback (http://localhost:5173/node_modules/.vite/deps/chunk-LGZLQBMG.js?v=64bcbe31:3733:39)
    at beginWork$1 (http://localhost:5173/node_modules/.vite/deps/chunk-LGZLQBMG.js?v=64bcbe31:19765:15)
    at performUnitOfWork (http://localhost:5173/node_modules/.vite/deps/chunk-LGZLQBMG.js?v=64bcbe31:19198:20)
[ 4603894ms] Error: useAuth must be used within <AuthProvider>
    at useAuth (http://localhost:5173/src/lib/auth/AuthProvider.tsx?t=1786276733758:56:19)
    at AiProvider (http://localhost:5173/src/lib/ai/AiProvider.tsx?t=1786276733758:24:20)
    at renderWithHooks (http://localhost:5173/node_modules/.vite/deps/chunk-LGZLQBMG.js?v=64bcbe31:11548:26)
    at mountIndeterminateComponent (http://localhost:5173/node_modules/.vite/deps/chunk-LGZLQBMG.js?v=64bcbe31:14926:21)
    at beginWork (http://localhost:5173/node_modules/.vite/deps/chunk-LGZLQBMG.js?v=64bcbe31:15914:22)
    at HTMLUnknownElement.callCallback2 (http://localhost:5173/node_modules/.vite/deps/chunk-LGZLQBMG.js?v=64bcbe31:3674:22)
    at Object.invokeGuardedCallbackDev (http://localhost:5173/node_modules/.vite/deps/chunk-LGZLQBMG.js?v=64bcbe31:3699:24)
    at invokeGuardedCallback (http://localhost:5173/node_modules/.vite/deps/chunk-LGZLQBMG.js?v=64bcbe31:3733:39)
    at beginWork$1 (http://localhost:5173/node_modules/.vite/deps/chunk-LGZLQBMG.js?v=64bcbe31:19765:15)
    at performUnitOfWork (http://localhost:5173/node_modules/.vite/deps/chunk-LGZLQBMG.js?v=64bcbe31:19198:20)
[ 4603899ms] [ERROR] The above error occurred in the <AiProvider> component:

    at AiProvider (http://localhost:5173/src/lib/ai/AiProvider.tsx?t=1786276733758:22:30)
    at PermissionProvider (http://localhost:5173/src/lib/permissions/PermissionProvider.tsx?t=1786269785760:21:38)
    at AuthProvider (http://localhost:5173/src/lib/auth/AuthProvider.tsx?t=1786276750871:21:32)
    at Router (http://localhost:5173/node_modules/.vite/deps/react-router-dom.js?v=64bcbe31:7543:13)
    at BrowserRouter (http://localhost:5173/node_modules/.vite/deps/react-router-dom.js?v=64bcbe31:10859:3)
    at LocaleProvider (http://localhost:5173/src/app/providers/LocaleProvider.tsx:20:34)
    at ThemeProvider (http://localhost:5173/src/app/providers/ThemeProvider.tsx:20:33)
    at QueryClientProvider (http://localhost:5173/node_modules/.vite/deps/@tanstack_react-query.js?v=64bcbe31:3253:3)
    at ErrorBoundary (http://localhost:5173/src/components/feedback/ErrorBoundary.tsx:8:8)
    at AppProviders (http://localhost:5173/src/app/providers/AppProviders.tsx?t=1786276733758:26:32)
    at App

React will try to recreate this component tree from scratch using the error boundary you provided, ErrorBoundary. @ http://localhost:5173/node_modules/.vite/deps/chunk-LGZLQBMG.js?v=64bcbe31:14031
[ 4603899ms] [ERROR] [TBOS:error] Unhandled render error {message: useAuth must be used within <AuthProvider>, componentStack: 
    at AiProvider (http://localhost:5173/src/lib/…ppProviders.tsx?t=1786276733758:26:32)
    at App} @ http://localhost:5173/src/lib/logging/logger.ts:4
[ 4609337ms] Error: useAuth must be used within <AuthProvider>
    at useAuth (http://localhost:5173/src/lib/auth/AuthProvider.tsx?t=1786276750871:56:19)
    at BrokerAuthGuard (http://localhost:5173/src/app/guards/BrokerAuthGuard.tsx?t=1786276750871:24:28)
    at renderWithHooks (http://localhost:5173/node_modules/.vite/deps/chunk-LGZLQBMG.js?v=64bcbe31:11548:26)
    at mountIndeterminateComponent (http://localhost:5173/node_modules/.vite/deps/chunk-LGZLQBMG.js?v=64bcbe31:14926:21)
    at beginWork (http://localhost:5173/node_modules/.vite/deps/chunk-LGZLQBMG.js?v=64bcbe31:15914:22)
    at HTMLUnknownElement.callCallback2 (http://localhost:5173/node_modules/.vite/deps/chunk-LGZLQBMG.js?v=64bcbe31:3674:22)
    at Object.invokeGuardedCallbackDev (http://localhost:5173/node_modules/.vite/deps/chunk-LGZLQBMG.js?v=64bcbe31:3699:24)
    at invokeGuardedCallback (http://localhost:5173/node_modules/.vite/deps/chunk-LGZLQBMG.js?v=64bcbe31:3733:39)
    at beginWork$1 (http://localhost:5173/node_modules/.vite/deps/chunk-LGZLQBMG.js?v=64bcbe31:19765:15)
    at performUnitOfWork (http://localhost:5173/node_modules/.vite/deps/chunk-LGZLQBMG.js?v=64bcbe31:19198:20)
[ 4609343ms] Error: useAuth must be used within <AuthProvider>
    at useAuth (http://localhost:5173/src/lib/auth/AuthProvider.tsx?t=1786276750871:56:19)
    at BrokerAuthGuard (http://localhost:5173/src/app/guards/BrokerAuthGuard.tsx?t=1786276750871:24:28)
    at renderWithHooks (http://localhost:5173/node_modules/.vite/deps/chunk-LGZLQBMG.js?v=64bcbe31:11548:26)
    at mountIndeterminateComponent (http://localhost:5173/node_modules/.vite/deps/chunk-LGZLQBMG.js?v=64bcbe31:14926:21)
    at beginWork (http://localhost:5173/node_modules/.vite/deps/chunk-LGZLQBMG.js?v=64bcbe31:15914:22)
    at HTMLUnknownElement.callCallback2 (http://localhost:5173/node_modules/.vite/deps/chunk-LGZLQBMG.js?v=64bcbe31:3674:22)
    at Object.invokeGuardedCallbackDev (http://localhost:5173/node_modules/.vite/deps/chunk-LGZLQBMG.js?v=64bcbe31:3699:24)
    at invokeGuardedCallback (http://localhost:5173/node_modules/.vite/deps/chunk-LGZLQBMG.js?v=64bcbe31:3733:39)
    at beginWork$1 (http://localhost:5173/node_modules/.vite/deps/chunk-LGZLQBMG.js?v=64bcbe31:19765:15)
    at performUnitOfWork (http://localhost:5173/node_modules/.vite/deps/chunk-LGZLQBMG.js?v=64bcbe31:19198:20)
[ 4609343ms] [ERROR] The above error occurred in the <BrokerAuthGuard> component:

    at BrokerAuthGuard (http://localhost:5173/src/app/guards/BrokerAuthGuard.tsx?t=1786276750871:22:35)
    at RenderedRoute (http://localhost:5173/node_modules/.vite/deps/react-router-dom.js?v=64bcbe31:6669:26)
    at Routes (http://localhost:5173/node_modules/.vite/deps/react-router-dom.js?v=64bcbe31:7604:3)
    at AppRouter
    at AiProvider (http://localhost:5173/src/lib/ai/AiProvider.tsx?t=1786276756418:22:30)
    at PermissionProvider (http://localhost:5173/src/lib/permissions/PermissionProvider.tsx?t=1786269785760:21:38)
    at AuthProvider (http://localhost:5173/src/lib/auth/AuthProvider.tsx?t=1786276756418:21:32)
    at Router (http://localhost:5173/node_modules/.vite/deps/react-router-dom.js?v=64bcbe31:7543:13)
    at BrowserRouter (http://localhost:5173/node_modules/.vite/deps/react-router-dom.js?v=64bcbe31:10859:3)
    at LocaleProvider (http://localhost:5173/src/app/providers/LocaleProvider.tsx:20:34)
    at ThemeProvider (http://localhost:5173/src/app/providers/ThemeProvider.tsx:20:33)
    at QueryClientProvider (http://localhost:5173/node_modules/.vite/deps/@tanstack_react-query.js?v=64bcbe31:3253:3)
    at ErrorBoundary (http://localhost:5173/src/components/feedback/ErrorBoundary.tsx:8:8)
    at AppProviders (http://localhost:5173/src/app/providers/AppProviders.tsx?t=1786276756418:26:32)
    at App

React will try to recreate this component tree from scratch using the error boundary you provided, ErrorBoundary. @ http://localhost:5173/node_modules/.vite/deps/chunk-LGZLQBMG.js?v=64bcbe31:14031
[ 4609344ms] [ERROR] [TBOS:error] Unhandled render error {message: useAuth must be used within <AuthProvider>, componentStack: 
    at BrokerAuthGuard (http://localhost:5173/src…ppProviders.tsx?t=1786276756418:26:32)
    at App} @ http://localhost:5173/src/lib/logging/logger.ts:4
[ 4681568ms] [INFO] %cDownload the React DevTools for a better development experience: https://reactjs.org/link/react-devtools font-weight:bold @ http://localhost:5173/node_modules/.vite/deps/chunk-LGZLQBMG.js?v=64bcbe31:21550
[ 5473420ms] [INFO] %cDownload the React DevTools for a better development experience: https://reactjs.org/link/react-devtools font-weight:bold @ http://localhost:5173/node_modules/.vite/deps/chunk-LGZLQBMG.js?v=64bcbe31:21550
[ 5506077ms] [INFO] %cDownload the React DevTools for a better development experience: https://reactjs.org/link/react-devtools font-weight:bold @ http://localhost:5173/node_modules/.vite/deps/chunk-LGZLQBMG.js?v=64bcbe31:21550
