[       9ms] [LOG] %c MoEngage %c %c info %c %c BatchManager.sendBeacon  color: white; background: #41AE55; border-radius: 5px;  color: white; background: #18a0bf; border-radius: 5px;  color: white; background: #48beab; border-radius: 5px; Window Unload: Created batch of 3 reports 5:8:2026:18:23:36 @ https://profolio.bayut.sa/profolio-assets/build-assets/index.DYxU0DoN.js:21
[       9ms] [LOG] %c MoEngage %c %c info %c %c MoeApi.sendBeacon  color: white; background: #41AE55; border-radius: 5px;  color: white; background: #18a0bf; border-radius: 5px;  color: white; background: #48beab; border-radius: 5px; [sendBeacon] batch payload: {"query_params":{"os":"web","os_platform":"Mozilla/5.0 (Windows NT 10.0; Win64; x64) AppleWebKit/537.36 (KHTML, like Gecko) Chrome/150.0.0.0 Safari/537.36","is_incognito":false,"app_id":"YN6SIPTELMJ62JCQ1WIC9V5L_DEBUG","os_ver":"Google Chrome","sdk_ver":"2.49.0","model":"Google Chrome","app_ver":"1.0","device_ts":1785943416022,"device_tz_offset":"10800000","unique_id":"b1c138f4-4276-488d-86f2-e7b34d1c1673","device_tz":"-180","subscription_type":"vapid","vapid_public":"BFww_kvPYnJgCwlDvshW8JQOUoSj9ajKhXQCaQTMtcMRrg3uB9gTcu518y5BkGksBrDM__QuVruLf0Kzlv7Uxu0","environment":"sdk-01.moengage.com"},"identifiers":{"moe_user_id":"eda8e4b2-5c18-415a-a9d8-b1a6b94bd632"},"meta":{"bid":"575bf0e3-a396-42bc-8249-2f34cfba8924","request_time":"2026-08-05T15:23:36.023Z","session":{"session_id":"35aa0a55-ea35-4275-8823-44c8cd33f79a","start_time":"2026-08-05T15:17:52.061Z","background_initiated":0}},"viewsCount":3,"viewsInfo":[{"EVENT_ACTION":"EVENT_ACTION_WEB_SESSION_START","EVENT_ATTRS":{"timestamp":1785943408665,"moe_logged_in_status":true,"moe_first_visit":true,"URL":"https://profolio.bayut.sa/en/user-settings/agency-profile"},"EVENT_G_TIME":"1785943408673","EVENT_L_TIME":"5:8:2026:18:23:28"},{"EVENT_ACTION":"MOE_PAGE_VIEWED","EVENT_ATTRS":{"timestamp":1785943408665,"moe_logged_in_status":true,"moe_first_visit":true,"URL":"https://profolio.bayut.sa/en/user-settings/agency-profile"},"EVENT_G_TIME":"1785943408674","EVENT_L_TIME":"5:8:2026:18:23:28"},{"EVENT_ACTION":"EVENT_ACTION_USER_ATTRIBUTE","EVENT_ATTRS":{"USER_ATTRIBUTE_USER_NAME":"Fahad Hameed"},"EVENT_G_TIME":"1785943408676","EVENT_L_TIME":"5:8:2026:18:23:28"}]} @ https://profolio.bayut.sa/profolio-assets/build-assets/index.DYxU0DoN.js:21
[     939ms] [INFO] %cDownload the React DevTools for a better development experience: https://reactjs.org/link/react-devtools font-weight:bold @ https://profolio.bayut.sa/profolio-assets/build-assets/react-vendor.oGa-TPX-.js:179
[    1793ms] [WARNING] ⚠️ React Router Future Flag Warning: React Router will begin wrapping state updates in `React.startTransition` in v7. You can use the `v7_startTransition` future flag to opt-in early. For more information, see https://reactrouter.com/v6/upgrading/future#v7_starttransition. @ https://profolio.bayut.sa/profolio-assets/build-assets/index.DYxU0DoN.js:21
[    1793ms] [WARNING] ⚠️ React Router Future Flag Warning: Relative route resolution within Splat routes is changing in v7. You can use the `v7_relativeSplatPath` future flag to opt-in early. For more information, see https://reactrouter.com/v6/upgrading/future#v7_relativesplatpath. @ https://profolio.bayut.sa/profolio-assets/build-assets/index.DYxU0DoN.js:21
[    2796ms] [ERROR] Warning: Invalid DOM property `%s`. Did you mean `%s`?%s stroke-width strokeWidth 
    at path
    at svg
    at ChevronRightIcon (https://profolio.bayut.sa/profolio-assets/build-assets/index.DYxU0DoN.js:685:1041776)
    at button
    at div
    at aside
    at https://profolio.bayut.sa/profolio-assets/build-assets/index.DYxU0DoN.js:1162:8680
    at Le (https://profolio.bayut.sa/profolio-assets/build-assets/index.DYxU0DoN.js:238:1292)
    at div
    at div
    at https://profolio.bayut.sa/profolio-assets/build-assets/index.DYxU0DoN.js:11644:3721
    at Layout
    at div
    at at (https://profolio.bayut.sa/profolio-assets/build-assets/index.DYxU0DoN.js:238:3592)
    at https://profolio.bayut.sa/profolio-assets/build-assets/index.DYxU0DoN.js:12682:141
    at RenderIfLoggedIn (https://profolio.bayut.sa/profolio-assets/build-assets/index.DYxU0DoN.js:11428:3972)
    at RenderedRoute (https://profolio.bayut.sa/profolio-assets/build-assets/index.DYxU0DoN.js:67:3730)
    at Routes$1 (https://profolio.bayut.sa/profolio-assets/build-assets/index.DYxU0DoN.js:67:10908)
    at MainRouter (https://profolio.bayut.sa/profolio-assets/build-assets/index.DYxU0DoN.js:12682:8252)
    at Router (https://profolio.bayut.sa/profolio-assets/build-assets/index.DYxU0DoN.js:67:9828)
    at BrowserRouter (https://profolio.bayut.sa/profolio-assets/build-assets/index.DYxU0DoN.js:76:4027)
    at Ro (https://profolio.bayut.sa/profolio-assets/build-assets/index.DYxU0DoN.js:45:5060)
    at ErrorBoundary (https://profolio.bayut.sa/profolio-assets/build-assets/index.DYxU0DoN.js:11428:3336)
    at ui (https://profolio.bayut.sa/profolio-assets/build-assets/index.DYxU0DoN.js:251:11272)
    at Le (https://profolio.bayut.sa/profolio-assets/build-assets/index.DYxU0DoN.js:238:1292)
    at LocaleProvider (https://profolio.bayut.sa/profolio-assets/build-assets/index.DYxU0DoN.js:122:12064)
    at MotionWrapper$2 (https://profolio.bayut.sa/profolio-assets/build-assets/index.DYxU0DoN.js:131:14737)
    at ProviderChildren (https://profolio.bayut.sa/profolio-assets/build-assets/index.DYxU0DoN.js:131:16803)
    at ConfigProvider (https://profolio.bayut.sa/profolio-assets/build-assets/index.DYxU0DoN.js:131:21531)
    at App (https://profolio.bayut.sa/profolio-assets/build-assets/index.DYxU0DoN.js:12682:11402)
    at Provider (https://profolio.bayut.sa/profolio-assets/build-assets/index.DYxU0DoN.js:701:27955) @ https://profolio.bayut.sa/profolio-assets/build-assets/index.DYxU0DoN.js:21
[    2796ms] [ERROR] Warning: Invalid DOM property `%s`. Did you mean `%s`?%s stroke-linecap strokeLinecap 
    at path
    at svg
    at ChevronRightIcon (https://profolio.bayut.sa/profolio-assets/build-assets/index.DYxU0DoN.js:685:1041776)
    at button
    at div
    at aside
    at https://profolio.bayut.sa/profolio-assets/build-assets/index.DYxU0DoN.js:1162:8680
    at Le (https://profolio.bayut.sa/profolio-assets/build-assets/index.DYxU0DoN.js:238:1292)
    at div
    at div
    at https://profolio.bayut.sa/profolio-assets/build-assets/index.DYxU0DoN.js:11644:3721
    at Layout
    at div
    at at (https://profolio.bayut.sa/profolio-assets/build-assets/index.DYxU0DoN.js:238:3592)
    at https://profolio.bayut.sa/profolio-assets/build-assets/index.DYxU0DoN.js:12682:141
    at RenderIfLoggedIn (https://profolio.bayut.sa/profolio-assets/build-assets/index.DYxU0DoN.js:11428:3972)
    at RenderedRoute (https://profolio.bayut.sa/profolio-assets/build-assets/index.DYxU0DoN.js:67:3730)
    at Routes$1 (https://profolio.bayut.sa/profolio-assets/build-assets/index.DYxU0DoN.js:67:10908)
    at MainRouter (https://profolio.bayut.sa/profolio-assets/build-assets/index.DYxU0DoN.js:12682:8252)
    at Router (https://profolio.bayut.sa/profolio-assets/build-assets/index.DYxU0DoN.js:67:9828)
    at BrowserRouter (https://profolio.bayut.sa/profolio-assets/build-assets/index.DYxU0DoN.js:76:4027)
    at Ro (https://profolio.bayut.sa/profolio-assets/build-assets/index.DYxU0DoN.js:45:5060)
    at ErrorBoundary (https://profolio.bayut.sa/profolio-assets/build-assets/index.DYxU0DoN.js:11428:3336)
    at ui (https://profolio.bayut.sa/profolio-assets/build-assets/index.DYxU0DoN.js:251:11272)
    at Le (https://profolio.bayut.sa/profolio-assets/build-assets/index.DYxU0DoN.js:238:1292)
    at LocaleProvider (https://profolio.bayut.sa/profolio-assets/build-assets/index.DYxU0DoN.js:122:12064)
    at MotionWrapper$2 (https://profolio.bayut.sa/profolio-assets/build-assets/index.DYxU0DoN.js:131:14737)
    at ProviderChildren (https://profolio.bayut.sa/profolio-assets/build-assets/index.DYxU0DoN.js:131:16803)
    at ConfigProvider (https://profolio.bayut.sa/profolio-assets/build-assets/index.DYxU0DoN.js:131:21531)
    at App (https://profolio.bayut.sa/profolio-assets/build-assets/index.DYxU0DoN.js:12682:11402)
    at Provider (https://profolio.bayut.sa/profolio-assets/build-assets/index.DYxU0DoN.js:701:27955) @ https://profolio.bayut.sa/profolio-assets/build-assets/index.DYxU0DoN.js:21
[    2796ms] [ERROR] Warning: Invalid DOM property `%s`. Did you mean `%s`?%s stroke-linejoin strokeLinejoin 
    at path
    at svg
    at ChevronRightIcon (https://profolio.bayut.sa/profolio-assets/build-assets/index.DYxU0DoN.js:685:1041776)
    at button
    at div
    at aside
    at https://profolio.bayut.sa/profolio-assets/build-assets/index.DYxU0DoN.js:1162:8680
    at Le (https://profolio.bayut.sa/profolio-assets/build-assets/index.DYxU0DoN.js:238:1292)
    at div
    at div
    at https://profolio.bayut.sa/profolio-assets/build-assets/index.DYxU0DoN.js:11644:3721
    at Layout
    at div
    at at (https://profolio.bayut.sa/profolio-assets/build-assets/index.DYxU0DoN.js:238:3592)
    at https://profolio.bayut.sa/profolio-assets/build-assets/index.DYxU0DoN.js:12682:141
    at RenderIfLoggedIn (https://profolio.bayut.sa/profolio-assets/build-assets/index.DYxU0DoN.js:11428:3972)
    at RenderedRoute (https://profolio.bayut.sa/profolio-assets/build-assets/index.DYxU0DoN.js:67:3730)
    at Routes$1 (https://profolio.bayut.sa/profolio-assets/build-assets/index.DYxU0DoN.js:67:10908)
    at MainRouter (https://profolio.bayut.sa/profolio-assets/build-assets/index.DYxU0DoN.js:12682:8252)
    at Router (https://profolio.bayut.sa/profolio-assets/build-assets/index.DYxU0DoN.js:67:9828)
    at BrowserRouter (https://profolio.bayut.sa/profolio-assets/build-assets/index.DYxU0DoN.js:76:4027)
    at Ro (https://profolio.bayut.sa/profolio-assets/build-assets/index.DYxU0DoN.js:45:5060)
    at ErrorBoundary (https://profolio.bayut.sa/profolio-assets/build-assets/index.DYxU0DoN.js:11428:3336)
    at ui (https://profolio.bayut.sa/profolio-assets/build-assets/index.DYxU0DoN.js:251:11272)
    at Le (https://profolio.bayut.sa/profolio-assets/build-assets/index.DYxU0DoN.js:238:1292)
    at LocaleProvider (https://profolio.bayut.sa/profolio-assets/build-assets/index.DYxU0DoN.js:122:12064)
    at MotionWrapper$2 (https://profolio.bayut.sa/profolio-assets/build-assets/index.DYxU0DoN.js:131:14737)
    at ProviderChildren (https://profolio.bayut.sa/profolio-assets/build-assets/index.DYxU0DoN.js:131:16803)
    at ConfigProvider (https://profolio.bayut.sa/profolio-assets/build-assets/index.DYxU0DoN.js:131:21531)
    at App (https://profolio.bayut.sa/profolio-assets/build-assets/index.DYxU0DoN.js:12682:11402)
    at Provider (https://profolio.bayut.sa/profolio-assets/build-assets/index.DYxU0DoN.js:701:27955) @ https://profolio.bayut.sa/profolio-assets/build-assets/index.DYxU0DoN.js:21
[    3090ms] [LOG] %c MoEngage %c %c info %c %c Pre-Initialization  color: white; background: #41AE55; border-radius: 5px;  color: white; background: #18a0bf; border-radius: 5px;  color: white; background: #48beab; border-radius: 5px; Script loaded! @ https://profolio.bayut.sa/profolio-assets/build-assets/index.DYxU0DoN.js:21
[    3090ms] [LOG] %c MoEngage %c %c Pre-Initialization %c %c SDK Version %c  color: white; background: #41AE55; border-radius: 5px;  color: white; background: #48beab; border-radius: 5px;  color: white; background: #a400ff; border-radius: 5px;  2.49.0 @ https://profolio.bayut.sa/profolio-assets/build-assets/index.DYxU0DoN.js:21
[    3090ms] [WARNING] %c MoEngage %c %c warn %c %c Pre-Initialization  color: white; background: #41AE55; border-radius: 5px;  color: white; background: #e8ab51; border-radius: 5px;  color: white; background: #48beab; border-radius: 5px; You are currently using MoEngage in debug environment. You'll find all the data captured in this environment in the TEST mode on the dashoard. @ https://profolio.bayut.sa/profolio-assets/build-assets/index.DYxU0DoN.js:21
[    3090ms] [WARNING] %c MoEngage %c %c warn %c %c Pre-Initialization  color: white; background: #41AE55; border-radius: 5px;  color: white; background: #e8ab51; border-radius: 5px;  color: white; background: #48beab; border-radius: 5px; Please initialize with debugLevel as 0 @ https://profolio.bayut.sa/profolio-assets/build-assets/index.DYxU0DoN.js:21
[    3091ms] [LOG] %c MoEngage %c %c info %c %c MoeApi.getAndPersistWebSettings  color: white; background: #41AE55; border-radius: 5px;  color: white; background: #18a0bf; border-radius: 5px;  color: white; background: #48beab; border-radius: 5px; Fetching latest web sdk settings for YN6SIPTELMJ62JCQ1WIC9V5L_DEBUG @ https://profolio.bayut.sa/profolio-assets/build-assets/index.DYxU0DoN.js:21
[    3349ms] [LOG] %c MoEngage %c %c info %c %c MoeApi.getAndPersistWebSettings  color: white; background: #41AE55; border-radius: 5px;  color: white; background: #18a0bf; border-radius: 5px;  color: white; background: #48beab; border-radius: 5px; Fetching config settings for YN6SIPTELMJ62JCQ1WIC9V5L_DEBUG @ https://profolio.bayut.sa/profolio-assets/build-assets/index.DYxU0DoN.js:21
[    3685ms] [LOG] %c MoEngage %c %c info %c %c MoeApi.getAndPersistWebSettings  color: white; background: #41AE55; border-radius: 5px;  color: white; background: #18a0bf; border-radius: 5px;  color: white; background: #48beab; border-radius: 5px; Fetched latest web and config settings @ https://profolio.bayut.sa/profolio-assets/build-assets/index.DYxU0DoN.js:21
[    3690ms] [LOG] %c MoEngage %c %c info %c %c Initialization  color: white; background: #41AE55; border-radius: 5px;  color: white; background: #18a0bf; border-radius: 5px;  color: white; background: #48beab; border-radius: 5px; Enabled Batching for Event Tracking @ https://profolio.bayut.sa/profolio-assets/build-assets/index.DYxU0DoN.js:21
[    3693ms] [LOG] %c MoEngage %c %c info %c %c UserModel.get  color: white; background: #41AE55; border-radius: 5px;  color: white; background: #18a0bf; border-radius: 5px;  color: white; background: #48beab; border-radius: 5px; User resolved from cookie:  Tt @ https://profolio.bayut.sa/profolio-assets/build-assets/index.DYxU0DoN.js:21
[    3694ms] [LOG] %c MoEngage %c %c Initialization %c %c Device UUID %c  color: white; background: #41AE55; border-radius: 5px;  color: white; background: #48beab; border-radius: 5px;  color: white; background: #a400ff; border-radius: 5px;  b1c138f4-4276-488d-86f2-e7b34d1c1673 @ https://profolio.bayut.sa/profolio-assets/build-assets/index.DYxU0DoN.js:21
[    3694ms] [LOG] %c MoEngage %c %c Initialization %c %c Device Added %c  color: white; background: #41AE55; border-radius: 5px;  color: white; background: #48beab; border-radius: 5px;  color: white; background: #a400ff; border-radius: 5px;  true @ https://profolio.bayut.sa/profolio-assets/build-assets/index.DYxU0DoN.js:21
[    3696ms] [LOG] %c MoEngage %c %c info %c %c HTTPS-NotificationManager.registerServiceWorker  color: white; background: #41AE55; border-radius: 5px;  color: white; background: #18a0bf; border-radius: 5px;  color: white; background: #48beab; border-radius: 5px; Using user defined path to serviceworker: /moengage-service-worker.js @ https://profolio.bayut.sa/profolio-assets/build-assets/index.DYxU0DoN.js:21
[    3696ms] [LOG] %c MoEngage %c %c info %c %c HTTPS-NotificationManager.registerServiceWorker  color: white; background: #41AE55; border-radius: 5px;  color: white; background: #18a0bf; border-radius: 5px;  color: white; background: #48beab; border-radius: 5px; Scope for serviceworker: / @ https://profolio.bayut.sa/profolio-assets/build-assets/index.DYxU0DoN.js:21
[    3697ms] [LOG] %c MoEngage %c %c info %c %c MoeOnsite.initialize  color: white; background: #41AE55; border-radius: 5px;  color: white; background: #18a0bf; border-radius: 5px;  color: white; background: #48beab; border-radius: 5px; Initialising onsite module @ https://profolio.bayut.sa/profolio-assets/build-assets/index.DYxU0DoN.js:21
[    3697ms] [LOG] %c MoEngage %c %c info %c %c Moengage.clearWindowQ  color: white; background: #41AE55; border-radius: 5px;  color: white; background: #18a0bf; border-radius: 5px;  color: white; background: #48beab; border-radius: 5px; Method called before SDK downloaded: [add_unique_user_id] [eda8e4b2-5c18-415a-a9d8-b1a6b94bd632] @ https://profolio.bayut.sa/profolio-assets/build-assets/index.DYxU0DoN.js:21
[    3698ms] [LOG] %c MoEngage %c %c info %c %c Moengage.clearWindowQ  color: white; background: #41AE55; border-radius: 5px;  color: white; background: #18a0bf; border-radius: 5px;  color: white; background: #48beab; border-radius: 5px; Method called before SDK downloaded: [add_email] [qusai@asbarunified.com] @ https://profolio.bayut.sa/profolio-assets/build-assets/index.DYxU0DoN.js:21
[    3698ms] [LOG] %c MoEngage %c %c info %c %c Moengage.clearWindowQ  color: white; background: #41AE55; border-radius: 5px;  color: white; background: #18a0bf; border-radius: 5px;  color: white; background: #48beab; border-radius: 5px; Method called before SDK downloaded: [add_user_name] [Fahad Hameed] @ https://profolio.bayut.sa/profolio-assets/build-assets/index.DYxU0DoN.js:21
[    3699ms] [LOG] %c MoEngage %c %c info %c %c MoEngage.user.addUserAttribute  color: white; background: #41AE55; border-radius: 5px;  color: white; background: #18a0bf; border-radius: 5px;  color: white; background: #48beab; border-radius: 5px; User already logged in with id: eda8e4b2-5c18-415a-a9d8-b1a6b94bd632 @ https://profolio.bayut.sa/profolio-assets/build-assets/index.DYxU0DoN.js:21
[    3702ms] [ERROR] %c MoEngage %c %c error %c %c MoEngage.user.addUserAttribute  color: white; background: #41AE55; border-radius: 5px;  color: white; background: #cc0a0a; border-radius: 5px;  color: white; background: #48beab; border-radius: 5px; Attribute already present/queued. Not adding again. @ https://profolio.bayut.sa/profolio-assets/build-assets/index.DYxU0DoN.js:21
[    3704ms] [LOG] %c MoEngage %c %c info %c %c MoeApi.reportAddInternal  color: white; background: #41AE55; border-radius: 5px;  color: white; background: #18a0bf; border-radius: 5px;  color: white; background: #48beab; border-radius: 5px; Event batched successfully: Jt @ https://profolio.bayut.sa/profolio-assets/build-assets/index.DYxU0DoN.js:21
[    3705ms] [LOG] %c MoEngage %c %c info %c %c MoeApi.reportAddInternal  color: white; background: #41AE55; border-radius: 5px;  color: white; background: #18a0bf; border-radius: 5px;  color: white; background: #48beab; border-radius: 5px; Event batched successfully: Jt @ https://profolio.bayut.sa/profolio-assets/build-assets/index.DYxU0DoN.js:21
[    3708ms] [LOG] %c MoEngage %c %c info %c %c MoeApi.reportAddInternal  color: white; background: #41AE55; border-radius: 5px;  color: white; background: #18a0bf; border-radius: 5px;  color: white; background: #48beab; border-radius: 5px; Event batched successfully: Jt @ https://profolio.bayut.sa/profolio-assets/build-assets/index.DYxU0DoN.js:21
[    3738ms] [LOG] %c MoEngage %c %c info %c %c WebPushManager.startPushSubscription  color: white; background: #41AE55; border-radius: 5px;  color: white; background: #18a0bf; border-radius: 5px;  color: white; background: #48beab; border-radius: 5px; Not showing opt in as last it was shown 5 minute(s) back on Wed Aug 05 2026 18:17:53 GMT+0300 (التوقيت العربي الرسمي) . Reappear time is set to 1 hours. @ https://profolio.bayut.sa/profolio-assets/build-assets/index.DYxU0DoN.js:21
[    3739ms] [LOG] %c MoEngage %c %c info %c %c WebPushManager.startPushSubscription  color: white; background: #41AE55; border-radius: 5px;  color: white; background: #18a0bf; border-radius: 5px;  color: white; background: #48beab; border-radius: 5px; You can clear localstorage to get opt-in again. @ https://profolio.bayut.sa/profolio-assets/build-assets/index.DYxU0DoN.js:21
[    3742ms] [LOG] %c MoEngage %c %c info %c %c MoeOnsite.shouldSaveRemoteCampaigns  color: white; background: #41AE55; border-radius: 5px;  color: white; background: #18a0bf; border-radius: 5px;  color: white; background: #48beab; border-radius: 5px; Last fetch was less than 15 mins ago at  Wed Aug 05 2026 18:17:52 GMT+0300 (التوقيت العربي الرسمي) @ https://profolio.bayut.sa/profolio-assets/build-assets/index.DYxU0DoN.js:21
