[    1425ms] [INFO] %cDownload the React DevTools for a better development experience: https://reactjs.org/link/react-devtools font-weight:bold @ http://localhost:5173/node_modules/.vite/deps/chunk-LGZLQBMG.js?v=64bcbe31:21550
[  608440ms] [INFO] %cDownload the React DevTools for a better development experience: https://reactjs.org/link/react-devtools font-weight:bold @ http://localhost:5173/node_modules/.vite/deps/chunk-LGZLQBMG.js?v=64bcbe31:21550
[  615092ms] [INFO] %cDownload the React DevTools for a better development experience: https://reactjs.org/link/react-devtools font-weight:bold @ http://localhost:5173/node_modules/.vite/deps/chunk-LGZLQBMG.js?v=64bcbe31:21550
[  633513ms] [INFO] %cDownload the React DevTools for a better development experience: https://reactjs.org/link/react-devtools font-weight:bold @ http://localhost:5173/node_modules/.vite/deps/chunk-LGZLQBMG.js?v=64bcbe31:21550
[  640190ms] [INFO] %cDownload the React DevTools for a better development experience: https://reactjs.org/link/react-devtools font-weight:bold @ http://localhost:5173/node_modules/.vite/deps/chunk-LGZLQBMG.js?v=64bcbe31:21550
[  661277ms] [INFO] %cDownload the React DevTools for a better development experience: https://reactjs.org/link/react-devtools font-weight:bold @ http://localhost:5173/node_modules/.vite/deps/chunk-LGZLQBMG.js?v=64bcbe31:21550
[  770862ms] Error: useAuth must be used within <AuthProvider>
    at useAuth (http://localhost:5173/src/lib/auth/AuthProvider.tsx?t=1786270712722:56:19)
    at AiProvider (http://localhost:5173/src/lib/ai/AiProvider.tsx?t=1786270712722:24:20)
    at renderWithHooks (http://localhost:5173/node_modules/.vite/deps/chunk-LGZLQBMG.js?v=64bcbe31:11548:26)
    at mountIndeterminateComponent (http://localhost:5173/node_modules/.vite/deps/chunk-LGZLQBMG.js?v=64bcbe31:14926:21)
    at beginWork (http://localhost:5173/node_modules/.vite/deps/chunk-LGZLQBMG.js?v=64bcbe31:15914:22)
    at HTMLUnknownElement.callCallback2 (http://localhost:5173/node_modules/.vite/deps/chunk-LGZLQBMG.js?v=64bcbe31:3674:22)
    at Object.invokeGuardedCallbackDev (http://localhost:5173/node_modules/.vite/deps/chunk-LGZLQBMG.js?v=64bcbe31:3699:24)
    at invokeGuardedCallback (http://localhost:5173/node_modules/.vite/deps/chunk-LGZLQBMG.js?v=64bcbe31:3733:39)
    at beginWork$1 (http://localhost:5173/node_modules/.vite/deps/chunk-LGZLQBMG.js?v=64bcbe31:19765:15)
    at performUnitOfWork (http://localhost:5173/node_modules/.vite/deps/chunk-LGZLQBMG.js?v=64bcbe31:19198:20)
[  770868ms] Error: useAuth must be used within <AuthProvider>
    at useAuth (http://localhost:5173/src/lib/auth/AuthProvider.tsx?t=1786270712722:56:19)
    at AiProvider (http://localhost:5173/src/lib/ai/AiProvider.tsx?t=1786270712722:24:20)
    at renderWithHooks (http://localhost:5173/node_modules/.vite/deps/chunk-LGZLQBMG.js?v=64bcbe31:11548:26)
    at mountIndeterminateComponent (http://localhost:5173/node_modules/.vite/deps/chunk-LGZLQBMG.js?v=64bcbe31:14926:21)
    at beginWork (http://localhost:5173/node_modules/.vite/deps/chunk-LGZLQBMG.js?v=64bcbe31:15914:22)
    at HTMLUnknownElement.callCallback2 (http://localhost:5173/node_modules/.vite/deps/chunk-LGZLQBMG.js?v=64bcbe31:3674:22)
    at Object.invokeGuardedCallbackDev (http://localhost:5173/node_modules/.vite/deps/chunk-LGZLQBMG.js?v=64bcbe31:3699:24)
    at invokeGuardedCallback (http://localhost:5173/node_modules/.vite/deps/chunk-LGZLQBMG.js?v=64bcbe31:3733:39)
    at beginWork$1 (http://localhost:5173/node_modules/.vite/deps/chunk-LGZLQBMG.js?v=64bcbe31:19765:15)
    at performUnitOfWork (http://localhost:5173/node_modules/.vite/deps/chunk-LGZLQBMG.js?v=64bcbe31:19198:20)
[  770873ms] [ERROR] The above error occurred in the <AiProvider> component:

    at AiProvider (http://localhost:5173/src/lib/ai/AiProvider.tsx?t=1786270712722:22:30)
    at PermissionProvider (http://localhost:5173/src/lib/permissions/PermissionProvider.tsx?t=1786269785760:21:38)
    at AuthProvider (http://localhost:5173/src/lib/auth/AuthProvider.tsx?t=1786271506015:21:32)
    at Router (http://localhost:5173/node_modules/.vite/deps/react-router-dom.js?v=64bcbe31:7543:13)
    at BrowserRouter (http://localhost:5173/node_modules/.vite/deps/react-router-dom.js?v=64bcbe31:10859:3)
    at LocaleProvider (http://localhost:5173/src/app/providers/LocaleProvider.tsx:20:34)
    at ThemeProvider (http://localhost:5173/src/app/providers/ThemeProvider.tsx:20:33)
    at QueryClientProvider (http://localhost:5173/node_modules/.vite/deps/@tanstack_react-query.js?v=64bcbe31:3253:3)
    at ErrorBoundary (http://localhost:5173/src/components/feedback/ErrorBoundary.tsx:8:8)
    at AppProviders (http://localhost:5173/src/app/providers/AppProviders.tsx?t=1786270712722:26:32)
    at App

React will try to recreate this component tree from scratch using the error boundary you provided, ErrorBoundary. @ http://localhost:5173/node_modules/.vite/deps/chunk-LGZLQBMG.js?v=64bcbe31:14031
[  770873ms] [ERROR] [TBOS:error] Unhandled render error {message: useAuth must be used within <AuthProvider>, componentStack: 
    at AiProvider (http://localhost:5173/src/lib/…ppProviders.tsx?t=1786270712722:26:32)
    at App} @ http://localhost:5173/src/lib/logging/logger.ts:4
[  771032ms] Error: useAuth must be used within <AuthProvider>
    at useAuth (http://localhost:5173/src/lib/auth/AuthProvider.tsx?t=1786270712722:56:19)
    at useContract (http://localhost:5173/src/lib/contracts/useContract.ts?t=1786270712722:5:20)
    at ContractDetailScreen (http://localhost:5173/@fs/C:/Users/YOUNES/Laravel%20projects/tuba_v2/tbos-frontend/src/features/contracts/ContractDetailScreen.tsx?t=1786271506015:51:167)
    at renderWithHooks (http://localhost:5173/node_modules/.vite/deps/chunk-LGZLQBMG.js?v=64bcbe31:11548:26)
    at mountIndeterminateComponent (http://localhost:5173/node_modules/.vite/deps/chunk-LGZLQBMG.js?v=64bcbe31:14926:21)
    at beginWork (http://localhost:5173/node_modules/.vite/deps/chunk-LGZLQBMG.js?v=64bcbe31:15914:22)
    at HTMLUnknownElement.callCallback2 (http://localhost:5173/node_modules/.vite/deps/chunk-LGZLQBMG.js?v=64bcbe31:3674:22)
    at Object.invokeGuardedCallbackDev (http://localhost:5173/node_modules/.vite/deps/chunk-LGZLQBMG.js?v=64bcbe31:3699:24)
    at invokeGuardedCallback (http://localhost:5173/node_modules/.vite/deps/chunk-LGZLQBMG.js?v=64bcbe31:3733:39)
    at beginWork$1 (http://localhost:5173/node_modules/.vite/deps/chunk-LGZLQBMG.js?v=64bcbe31:19765:15)
[  771048ms] Error: useAuth must be used within <AuthProvider>
    at useAuth (http://localhost:5173/src/lib/auth/AuthProvider.tsx?t=1786270712722:56:19)
    at useContract (http://localhost:5173/src/lib/contracts/useContract.ts?t=1786270712722:5:20)
    at ContractDetailScreen (http://localhost:5173/@fs/C:/Users/YOUNES/Laravel%20projects/tuba_v2/tbos-frontend/src/features/contracts/ContractDetailScreen.tsx?t=1786271506015:51:167)
    at renderWithHooks (http://localhost:5173/node_modules/.vite/deps/chunk-LGZLQBMG.js?v=64bcbe31:11548:26)
    at mountIndeterminateComponent (http://localhost:5173/node_modules/.vite/deps/chunk-LGZLQBMG.js?v=64bcbe31:14926:21)
    at beginWork (http://localhost:5173/node_modules/.vite/deps/chunk-LGZLQBMG.js?v=64bcbe31:15914:22)
    at HTMLUnknownElement.callCallback2 (http://localhost:5173/node_modules/.vite/deps/chunk-LGZLQBMG.js?v=64bcbe31:3674:22)
    at Object.invokeGuardedCallbackDev (http://localhost:5173/node_modules/.vite/deps/chunk-LGZLQBMG.js?v=64bcbe31:3699:24)
    at invokeGuardedCallback (http://localhost:5173/node_modules/.vite/deps/chunk-LGZLQBMG.js?v=64bcbe31:3733:39)
    at beginWork$1 (http://localhost:5173/node_modules/.vite/deps/chunk-LGZLQBMG.js?v=64bcbe31:19765:15)
[  771049ms] [ERROR] The above error occurred in the <ContractDetailScreen> component:

    at ContractDetailScreen (http://localhost:5173/@fs/C:/Users/YOUNES/Laravel%20projects/tuba_v2/tbos-frontend/src/features/contracts/ContractDetailScreen.tsx?t=1786271506015:50:31)
    at RouteGuard (http://localhost:5173/src/app/guards/RouteGuard.tsx?t=1786271506015:21:30)
    at RenderedRoute (http://localhost:5173/node_modules/.vite/deps/react-router-dom.js?v=64bcbe31:6669:26)
    at Outlet (http://localhost:5173/node_modules/.vite/deps/react-router-dom.js?v=64bcbe31:7534:26)
    at Suspense
    at main
    at div
    at div
    at AppShell
    at BrokerAuthGuard (http://localhost:5173/src/app/guards/BrokerAuthGuard.tsx?t=1786271506015:22:35)
    at RenderedRoute (http://localhost:5173/node_modules/.vite/deps/react-router-dom.js?v=64bcbe31:6669:26)
    at Routes (http://localhost:5173/node_modules/.vite/deps/react-router-dom.js?v=64bcbe31:7604:3)
    at AppRouter
    at AiProvider (http://localhost:5173/src/lib/ai/AiProvider.tsx?t=1786271506015:22:30)
    at PermissionProvider (http://localhost:5173/src/lib/permissions/PermissionProvider.tsx?t=1786269785760:21:38)
    at AuthProvider (http://localhost:5173/src/lib/auth/AuthProvider.tsx?t=1786271506015:21:32)
    at Router (http://localhost:5173/node_modules/.vite/deps/react-router-dom.js?v=64bcbe31:7543:13)
    at BrowserRouter (http://localhost:5173/node_modules/.vite/deps/react-router-dom.js?v=64bcbe31:10859:3)
    at LocaleProvider (http://localhost:5173/src/app/providers/LocaleProvider.tsx:20:34)
    at ThemeProvider (http://localhost:5173/src/app/providers/ThemeProvider.tsx:20:33)
    at QueryClientProvider (http://localhost:5173/node_modules/.vite/deps/@tanstack_react-query.js?v=64bcbe31:3253:3)
    at ErrorBoundary (http://localhost:5173/src/components/feedback/ErrorBoundary.tsx:8:8)
    at AppProviders (http://localhost:5173/src/app/providers/AppProviders.tsx?t=1786271506015:26:32)
    at App

React will try to recreate this component tree from scratch using the error boundary you provided, ErrorBoundary. @ http://localhost:5173/node_modules/.vite/deps/chunk-LGZLQBMG.js?v=64bcbe31:14031
[  771050ms] [ERROR] [TBOS:error] Unhandled render error {message: useAuth must be used within <AuthProvider>, componentStack: 
    at ContractDetailScreen (http://localhost:517…ppProviders.tsx?t=1786271506015:26:32)
    at App} @ http://localhost:5173/src/lib/logging/logger.ts:4
[  771087ms] Error: useAuth must be used within <AuthProvider>
    at useAuth (http://localhost:5173/src/lib/auth/AuthProvider.tsx?t=1786270712722:56:19)
    at useContract (http://localhost:5173/src/lib/contracts/useContract.ts?t=1786270712722:5:20)
    at ContractDetailScreen (http://localhost:5173/@fs/C:/Users/YOUNES/Laravel%20projects/tuba_v2/tbos-frontend/src/features/contracts/ContractDetailScreen.tsx?t=1786271506015:51:167)
    at renderWithHooks (http://localhost:5173/node_modules/.vite/deps/chunk-LGZLQBMG.js?v=64bcbe31:11548:26)
    at mountIndeterminateComponent (http://localhost:5173/node_modules/.vite/deps/chunk-LGZLQBMG.js?v=64bcbe31:14926:21)
    at beginWork (http://localhost:5173/node_modules/.vite/deps/chunk-LGZLQBMG.js?v=64bcbe31:15914:22)
    at HTMLUnknownElement.callCallback2 (http://localhost:5173/node_modules/.vite/deps/chunk-LGZLQBMG.js?v=64bcbe31:3674:22)
    at Object.invokeGuardedCallbackDev (http://localhost:5173/node_modules/.vite/deps/chunk-LGZLQBMG.js?v=64bcbe31:3699:24)
    at invokeGuardedCallback (http://localhost:5173/node_modules/.vite/deps/chunk-LGZLQBMG.js?v=64bcbe31:3733:39)
    at beginWork$1 (http://localhost:5173/node_modules/.vite/deps/chunk-LGZLQBMG.js?v=64bcbe31:19765:15)
[  771111ms] Error: useAuth must be used within <AuthProvider>
    at useAuth (http://localhost:5173/src/lib/auth/AuthProvider.tsx?t=1786270712722:56:19)
    at useContract (http://localhost:5173/src/lib/contracts/useContract.ts?t=1786270712722:5:20)
    at ContractDetailScreen (http://localhost:5173/@fs/C:/Users/YOUNES/Laravel%20projects/tuba_v2/tbos-frontend/src/features/contracts/ContractDetailScreen.tsx?t=1786271506015:51:167)
    at renderWithHooks (http://localhost:5173/node_modules/.vite/deps/chunk-LGZLQBMG.js?v=64bcbe31:11548:26)
    at mountIndeterminateComponent (http://localhost:5173/node_modules/.vite/deps/chunk-LGZLQBMG.js?v=64bcbe31:14926:21)
    at beginWork (http://localhost:5173/node_modules/.vite/deps/chunk-LGZLQBMG.js?v=64bcbe31:15914:22)
    at HTMLUnknownElement.callCallback2 (http://localhost:5173/node_modules/.vite/deps/chunk-LGZLQBMG.js?v=64bcbe31:3674:22)
    at Object.invokeGuardedCallbackDev (http://localhost:5173/node_modules/.vite/deps/chunk-LGZLQBMG.js?v=64bcbe31:3699:24)
    at invokeGuardedCallback (http://localhost:5173/node_modules/.vite/deps/chunk-LGZLQBMG.js?v=64bcbe31:3733:39)
    at beginWork$1 (http://localhost:5173/node_modules/.vite/deps/chunk-LGZLQBMG.js?v=64bcbe31:19765:15)
[  771113ms] [ERROR] The above error occurred in the <ContractDetailScreen> component:

    at ContractDetailScreen (http://localhost:5173/@fs/C:/Users/YOUNES/Laravel%20projects/tuba_v2/tbos-frontend/src/features/contracts/ContractDetailScreen.tsx?t=1786271506015:50:31)
    at RouteGuard (http://localhost:5173/src/app/guards/RouteGuard.tsx?t=1786271506015:21:30)
    at RenderedRoute (http://localhost:5173/node_modules/.vite/deps/react-router-dom.js?v=64bcbe31:6669:26)
    at Outlet (http://localhost:5173/node_modules/.vite/deps/react-router-dom.js?v=64bcbe31:7534:26)
    at Suspense
    at main
    at div
    at div
    at AppShell
    at BrokerAuthGuard (http://localhost:5173/src/app/guards/BrokerAuthGuard.tsx?t=1786271506015:22:35)
    at RenderedRoute (http://localhost:5173/node_modules/.vite/deps/react-router-dom.js?v=64bcbe31:6669:26)
    at Routes (http://localhost:5173/node_modules/.vite/deps/react-router-dom.js?v=64bcbe31:7604:3)
    at AppRouter
    at AiProvider (http://localhost:5173/src/lib/ai/AiProvider.tsx?t=1786271506015:22:30)
    at PermissionProvider (http://localhost:5173/src/lib/permissions/PermissionProvider.tsx?t=1786269785760:21:38)
    at AuthProvider (http://localhost:5173/src/lib/auth/AuthProvider.tsx?t=1786271506015:21:32)
    at Router (http://localhost:5173/node_modules/.vite/deps/react-router-dom.js?v=64bcbe31:7543:13)
    at BrowserRouter (http://localhost:5173/node_modules/.vite/deps/react-router-dom.js?v=64bcbe31:10859:3)
    at LocaleProvider (http://localhost:5173/src/app/providers/LocaleProvider.tsx:20:34)
    at ThemeProvider (http://localhost:5173/src/app/providers/ThemeProvider.tsx:20:33)
    at QueryClientProvider (http://localhost:5173/node_modules/.vite/deps/@tanstack_react-query.js?v=64bcbe31:3253:3)
    at ErrorBoundary (http://localhost:5173/src/components/feedback/ErrorBoundary.tsx:8:8)
    at AppProviders (http://localhost:5173/src/app/providers/AppProviders.tsx?t=1786271506015:26:32)
    at App

React will try to recreate this component tree from scratch using the error boundary you provided, ErrorBoundary. @ http://localhost:5173/node_modules/.vite/deps/chunk-LGZLQBMG.js?v=64bcbe31:14031
[  771114ms] [ERROR] [TBOS:error] Unhandled render error {message: useAuth must be used within <AuthProvider>, componentStack: 
    at ContractDetailScreen (http://localhost:517…ppProviders.tsx?t=1786271506015:26:32)
    at App} @ http://localhost:5173/src/lib/logging/logger.ts:4
[  777044ms] Error: useAuth must be used within <AuthProvider>
    at useAuth (http://localhost:5173/src/lib/auth/AuthProvider.tsx?t=1786271506015:56:19)
    at AiProvider (http://localhost:5173/src/lib/ai/AiProvider.tsx?t=1786271506015:24:20)
    at renderWithHooks (http://localhost:5173/node_modules/.vite/deps/chunk-LGZLQBMG.js?v=64bcbe31:11548:26)
    at mountIndeterminateComponent (http://localhost:5173/node_modules/.vite/deps/chunk-LGZLQBMG.js?v=64bcbe31:14926:21)
    at beginWork (http://localhost:5173/node_modules/.vite/deps/chunk-LGZLQBMG.js?v=64bcbe31:15914:22)
    at HTMLUnknownElement.callCallback2 (http://localhost:5173/node_modules/.vite/deps/chunk-LGZLQBMG.js?v=64bcbe31:3674:22)
    at Object.invokeGuardedCallbackDev (http://localhost:5173/node_modules/.vite/deps/chunk-LGZLQBMG.js?v=64bcbe31:3699:24)
    at invokeGuardedCallback (http://localhost:5173/node_modules/.vite/deps/chunk-LGZLQBMG.js?v=64bcbe31:3733:39)
    at beginWork$1 (http://localhost:5173/node_modules/.vite/deps/chunk-LGZLQBMG.js?v=64bcbe31:19765:15)
    at performUnitOfWork (http://localhost:5173/node_modules/.vite/deps/chunk-LGZLQBMG.js?v=64bcbe31:19198:20)
[  777047ms] Error: useAuth must be used within <AuthProvider>
    at useAuth (http://localhost:5173/src/lib/auth/AuthProvider.tsx?t=1786271506015:56:19)
    at AiProvider (http://localhost:5173/src/lib/ai/AiProvider.tsx?t=1786271506015:24:20)
    at renderWithHooks (http://localhost:5173/node_modules/.vite/deps/chunk-LGZLQBMG.js?v=64bcbe31:11548:26)
    at mountIndeterminateComponent (http://localhost:5173/node_modules/.vite/deps/chunk-LGZLQBMG.js?v=64bcbe31:14926:21)
    at beginWork (http://localhost:5173/node_modules/.vite/deps/chunk-LGZLQBMG.js?v=64bcbe31:15914:22)
    at HTMLUnknownElement.callCallback2 (http://localhost:5173/node_modules/.vite/deps/chunk-LGZLQBMG.js?v=64bcbe31:3674:22)
    at Object.invokeGuardedCallbackDev (http://localhost:5173/node_modules/.vite/deps/chunk-LGZLQBMG.js?v=64bcbe31:3699:24)
    at invokeGuardedCallback (http://localhost:5173/node_modules/.vite/deps/chunk-LGZLQBMG.js?v=64bcbe31:3733:39)
    at beginWork$1 (http://localhost:5173/node_modules/.vite/deps/chunk-LGZLQBMG.js?v=64bcbe31:19765:15)
    at performUnitOfWork (http://localhost:5173/node_modules/.vite/deps/chunk-LGZLQBMG.js?v=64bcbe31:19198:20)
[  777047ms] [ERROR] The above error occurred in the <AiProvider> component:

    at AiProvider (http://localhost:5173/src/lib/ai/AiProvider.tsx?t=1786271506015:22:30)
    at PermissionProvider (http://localhost:5173/src/lib/permissions/PermissionProvider.tsx?t=1786269785760:21:38)
    at AuthProvider (http://localhost:5173/src/lib/auth/AuthProvider.tsx?t=1786271511826:21:32)
    at Router (http://localhost:5173/node_modules/.vite/deps/react-router-dom.js?v=64bcbe31:7543:13)
    at BrowserRouter (http://localhost:5173/node_modules/.vite/deps/react-router-dom.js?v=64bcbe31:10859:3)
    at LocaleProvider (http://localhost:5173/src/app/providers/LocaleProvider.tsx:20:34)
    at ThemeProvider (http://localhost:5173/src/app/providers/ThemeProvider.tsx:20:33)
    at QueryClientProvider (http://localhost:5173/node_modules/.vite/deps/@tanstack_react-query.js?v=64bcbe31:3253:3)
    at ErrorBoundary (http://localhost:5173/src/components/feedback/ErrorBoundary.tsx:8:8)
    at AppProviders (http://localhost:5173/src/app/providers/AppProviders.tsx?t=1786271506015:26:32)
    at App

React will try to recreate this component tree from scratch using the error boundary you provided, ErrorBoundary. @ http://localhost:5173/node_modules/.vite/deps/chunk-LGZLQBMG.js?v=64bcbe31:14031
[  777047ms] [ERROR] [TBOS:error] Unhandled render error {message: useAuth must be used within <AuthProvider>, componentStack: 
    at AiProvider (http://localhost:5173/src/lib/…ppProviders.tsx?t=1786271506015:26:32)
    at App} @ http://localhost:5173/src/lib/logging/logger.ts:4
[  782730ms] Error: useAuth must be used within <AuthProvider>
    at useAuth (http://localhost:5173/src/lib/auth/AuthProvider.tsx?t=1786271511826:56:19)
    at AiProvider (http://localhost:5173/src/lib/ai/AiProvider.tsx?t=1786271511826:24:20)
    at renderWithHooks (http://localhost:5173/node_modules/.vite/deps/chunk-LGZLQBMG.js?v=64bcbe31:11548:26)
    at mountIndeterminateComponent (http://localhost:5173/node_modules/.vite/deps/chunk-LGZLQBMG.js?v=64bcbe31:14926:21)
    at beginWork (http://localhost:5173/node_modules/.vite/deps/chunk-LGZLQBMG.js?v=64bcbe31:15914:22)
    at HTMLUnknownElement.callCallback2 (http://localhost:5173/node_modules/.vite/deps/chunk-LGZLQBMG.js?v=64bcbe31:3674:22)
    at Object.invokeGuardedCallbackDev (http://localhost:5173/node_modules/.vite/deps/chunk-LGZLQBMG.js?v=64bcbe31:3699:24)
    at invokeGuardedCallback (http://localhost:5173/node_modules/.vite/deps/chunk-LGZLQBMG.js?v=64bcbe31:3733:39)
    at beginWork$1 (http://localhost:5173/node_modules/.vite/deps/chunk-LGZLQBMG.js?v=64bcbe31:19765:15)
    at performUnitOfWork (http://localhost:5173/node_modules/.vite/deps/chunk-LGZLQBMG.js?v=64bcbe31:19198:20)
[  782733ms] Error: useAuth must be used within <AuthProvider>
    at useAuth (http://localhost:5173/src/lib/auth/AuthProvider.tsx?t=1786271511826:56:19)
    at AiProvider (http://localhost:5173/src/lib/ai/AiProvider.tsx?t=1786271511826:24:20)
    at renderWithHooks (http://localhost:5173/node_modules/.vite/deps/chunk-LGZLQBMG.js?v=64bcbe31:11548:26)
    at mountIndeterminateComponent (http://localhost:5173/node_modules/.vite/deps/chunk-LGZLQBMG.js?v=64bcbe31:14926:21)
    at beginWork (http://localhost:5173/node_modules/.vite/deps/chunk-LGZLQBMG.js?v=64bcbe31:15914:22)
    at HTMLUnknownElement.callCallback2 (http://localhost:5173/node_modules/.vite/deps/chunk-LGZLQBMG.js?v=64bcbe31:3674:22)
    at Object.invokeGuardedCallbackDev (http://localhost:5173/node_modules/.vite/deps/chunk-LGZLQBMG.js?v=64bcbe31:3699:24)
    at invokeGuardedCallback (http://localhost:5173/node_modules/.vite/deps/chunk-LGZLQBMG.js?v=64bcbe31:3733:39)
    at beginWork$1 (http://localhost:5173/node_modules/.vite/deps/chunk-LGZLQBMG.js?v=64bcbe31:19765:15)
    at performUnitOfWork (http://localhost:5173/node_modules/.vite/deps/chunk-LGZLQBMG.js?v=64bcbe31:19198:20)
[  782735ms] [ERROR] The above error occurred in the <AiProvider> component:

    at AiProvider (http://localhost:5173/src/lib/ai/AiProvider.tsx?t=1786271511826:22:30)
    at PermissionProvider (http://localhost:5173/src/lib/permissions/PermissionProvider.tsx?t=1786269785760:21:38)
    at AuthProvider (http://localhost:5173/src/lib/auth/AuthProvider.tsx?t=1786271517534:21:32)
    at Router (http://localhost:5173/node_modules/.vite/deps/react-router-dom.js?v=64bcbe31:7543:13)
    at BrowserRouter (http://localhost:5173/node_modules/.vite/deps/react-router-dom.js?v=64bcbe31:10859:3)
    at LocaleProvider (http://localhost:5173/src/app/providers/LocaleProvider.tsx:20:34)
    at ThemeProvider (http://localhost:5173/src/app/providers/ThemeProvider.tsx:20:33)
    at QueryClientProvider (http://localhost:5173/node_modules/.vite/deps/@tanstack_react-query.js?v=64bcbe31:3253:3)
    at ErrorBoundary (http://localhost:5173/src/components/feedback/ErrorBoundary.tsx:8:8)
    at AppProviders (http://localhost:5173/src/app/providers/AppProviders.tsx?t=1786271511826:26:32)
    at App

React will try to recreate this component tree from scratch using the error boundary you provided, ErrorBoundary. @ http://localhost:5173/node_modules/.vite/deps/chunk-LGZLQBMG.js?v=64bcbe31:14031
[  782735ms] [ERROR] [TBOS:error] Unhandled render error {message: useAuth must be used within <AuthProvider>, componentStack: 
    at AiProvider (http://localhost:5173/src/lib/…ppProviders.tsx?t=1786271511826:26:32)
    at App} @ http://localhost:5173/src/lib/logging/logger.ts:4
[  789239ms] [INFO] %cDownload the React DevTools for a better development experience: https://reactjs.org/link/react-devtools font-weight:bold @ http://localhost:5173/node_modules/.vite/deps/chunk-LGZLQBMG.js?v=64bcbe31:21550
